[
    "@generated",
    {
        "symbolDetails": [
            {
                "comments": [],
                "contains_relation": {
                    "firstChild": "nondeterministic",
                    "firstParent": "nondeterministic",
                    "hasMoreChildren": true,
                    "hasMoreParents": false
                },
                "extends_relation": {
                    "firstChild": "nondeterministic",
                    "firstParent": "nondeterministic",
                    "hasMoreChildren": false,
                    "hasMoreParents": false
                },
                "kind": 7,
                "language": 7,
                "location": {
                    "filepath": "lib.py",
                    "range": {
                        "columnBegin": 1,
                        "columnEnd": 13,
                        "lineBegin": 9,
                        "lineEnd": 16
                    },
                    "repository": "test"
                },
                "modifiers": [],
                "name": {
                    "container": "lib",
                    "localName": "HelperClass"
                },
                "repo_hash": "testhash",
                "sym": "test/py/lib.py/lib.HelperClass",
                "sym_location": {
                    "filepath": "lib.py",
                    "range": {
                        "columnBegin": 1,
                        "columnEnd": 13,
                        "lineBegin": 9,
                        "lineEnd": 16
                    },
                    "repository": "test"
                },
                "sym_other_locations": [],
                "type_xrefs": []
            }
        ],
        "symbols": [
            {
                "kind": 7,
                "language": 7,
                "location": {
                    "filepath": "lib.py",
                    "range": {
                        "columnBegin": 1,
                        "columnEnd": 13,
                        "lineBegin": 9,
                        "lineEnd": 16
                    },
                    "repository": "test"
                },
                "name": "lib.HelperClass",
                "score": {
                    "exactness": 2
                },
                "symbol": "test/py/lib.py/lib.HelperClass"
            }
        ]
    }
]