[
  "@generated",
  {
    "key": {
      "file": { "key": "test.cpp" },
      "digest": {
        "hash": "eb09205f432b77d2baba877b0dd2f9babc3a6246",
        "size": 310
      }
    }
  }
]