[
  "@generated",
  { "key": { "file": { "key": "test.c" }, "language": 1 } },
  { "key": { "file": { "key": "test.h" }, "language": 1 } }
]