[
  "@generated",
  {
    "key": {
      "searchcase": 0,
      "name": "foo",
      "entity": {
        "cxx": {
          "decl": {
            "function_": {
              "key": {
                "name": {
                  "key": {
                    "name": { "key": { "name": { "key": "foo" } } },
                    "scope": {
                      "namespace_": { "key": { "name": { "key": "N1" } } }
                    }
                  }
                },
                "signature": {
                  "key": { "returns": { "key": "void" }, "parameters": [ ] }
                },
                "source": {
                  "file": { "key": "test.cpp" },
                  "lineBegin": 19,
                  "columnBegin": 1,
                  "lineEnd": 21,
                  "columnEnd": 1
                }
              }
            }
          }
        }
      },
      "location": {
        "name": "foo",
        "file": { "key": "test.cpp" },
        "location": {
          "range": {
            "file": { "key": "test.cpp" },
            "lineBegin": 19,
            "columnBegin": 1,
            "lineEnd": 21,
            "columnEnd": 1
          }
        },
        "span": { "start": 296, "length": 3 }
      },
      "kind": 13,
      "language": 0
    }
  }
]