[
  "@generated",
  {
    "key": {
      "file": { "key": "test.cpp" },
      "xref": {
        "target": {
          "name": "N1",
          "file": { "key": "test.cpp" },
          "location": {
            "range": {
              "file": { "key": "test.cpp" },
              "lineBegin": 9,
              "columnBegin": 1,
              "lineEnd": 11,
              "columnEnd": 1
            }
          }
        },
        "source": { "span": { "start": 278, "length": 2 } }
      },
      "entity": {
        "cxx": {
          "decl": {
            "namespace_": {
              "key": {
                "name": { "key": { "name": { "key": "N1" } } },
                "source": {
                  "file": { "key": "test.cpp" },
                  "lineBegin": 9,
                  "columnBegin": 1,
                  "lineEnd": 11,
                  "columnEnd": 1
                }
              }
            }
          }
        }
      }
    }
  },
  {
    "key": {
      "file": { "key": "test.cpp" },
      "xref": {
        "target": {
          "name": "N2",
          "file": { "key": "test.cpp" },
          "location": {
            "range": {
              "file": { "key": "test.cpp" },
              "lineBegin": 19,
              "columnBegin": 1,
              "lineEnd": 21,
              "columnEnd": 1
            }
          }
        },
        "source": { "span": { "start": 425, "length": 2 } }
      },
      "entity": {
        "cxx": {
          "decl": {
            "namespace_": {
              "key": {
                "name": { "key": { "name": { "key": "N2" } } },
                "source": {
                  "file": { "key": "test.cpp" },
                  "lineBegin": 19,
                  "columnBegin": 1,
                  "lineEnd": 21,
                  "columnEnd": 1
                }
              }
            }
          }
        }
      }
    }
  },
  {
    "key": {
      "file": { "key": "test.cpp" },
      "xref": {
        "target": {
          "name": "N3",
          "file": { "key": "test.cpp" },
          "location": {
            "range": {
              "file": { "key": "test.cpp" },
              "lineBegin": 23,
              "columnBegin": 1,
              "lineEnd": 25,
              "columnEnd": 1
            }
          }
        },
        "source": { "span": { "start": 440, "length": 2 } }
      },
      "entity": {
        "cxx": {
          "decl": {
            "namespace_": {
              "key": {
                "name": { "key": { "name": { "key": "N3" } } },
                "source": {
                  "file": { "key": "test.cpp" },
                  "lineBegin": 23,
                  "columnBegin": 1,
                  "lineEnd": 25,
                  "columnEnd": 1
                }
              }
            }
          }
        }
      }
    }
  }
]