[
  "@generated",
  { "key": { "file": { "key": "test.cpp" }, "language": 2 } },
  { "key": { "file": { "key": "test.h" }, "language": 2 } }
]