[
  "@generated",
  {
    "key": {
      "file": { "key": "test.cpp" },
      "xrefs": [
        {
          "range": { "begin": 248, "end": 249 },
          "target": {
            "declaration": {
              "record_": {
                "key": {
                  "name": {
                    "key": {
                      "name": { "key": "A" },
                      "scope": { "global_": { } }
                    }
                  },
                  "kind": { "struct_": { } },
                  "source": {
                    "file": { "key": "test.cpp" },
                    "lineBegin": 9,
                    "columnBegin": 1,
                    "lineEnd": 9,
                    "columnEnd": 11
                  }
                }
              }
            }
          }
        },
        {
          "range": { "begin": 255, "end": 256 },
          "target": {
            "declaration": {
              "record_": {
                "key": {
                  "name": {
                    "key": {
                      "name": { "key": "A" },
                      "scope": { "global_": { } }
                    }
                  },
                  "kind": { "struct_": { } },
                  "source": {
                    "file": { "key": "test.cpp" },
                    "lineBegin": 9,
                    "columnBegin": 1,
                    "lineEnd": 9,
                    "columnEnd": 11
                  }
                }
              }
            }
          }
        },
        {
          "range": { "begin": 260, "end": 261 },
          "target": {
            "declaration": {
              "variable": {
                "key": {
                  "name": {
                    "key": {
                      "name": { "key": "a" },
                      "scope": {
                        "local": {
                          "key": {
                            "name": { "key": { "name": { "key": "f" } } },
                            "scope": { "global_": { } }
                          }
                        }
                      }
                    }
                  },
                  "type": { "key": "A" },
                  "kind": { "local": { "kind": 0, "attribute": 0 } },
                  "source": {
                    "file": { "key": "test.cpp" },
                    "lineBegin": 12,
                    "columnBegin": 3,
                    "lineEnd": 12,
                    "columnEnd": 5
                  }
                }
              }
            }
          }
        },
        {
          "range": { "begin": 266, "end": 267 },
          "target": {
            "declaration": {
              "record_": {
                "key": {
                  "name": {
                    "key": {
                      "name": { "key": "A" },
                      "scope": { "global_": { } }
                    }
                  },
                  "kind": { "struct_": { } },
                  "source": {
                    "file": { "key": "test.cpp" },
                    "lineBegin": 9,
                    "columnBegin": 1,
                    "lineEnd": 9,
                    "columnEnd": 11
                  }
                }
              }
            }
          }
        },
        {
          "range": { "begin": 272, "end": 273 },
          "target": {
            "declaration": {
              "record_": {
                "key": {
                  "name": {
                    "key": {
                      "name": { "key": "A" },
                      "scope": { "global_": { } }
                    }
                  },
                  "kind": { "struct_": { } },
                  "source": {
                    "file": { "key": "test.cpp" },
                    "lineBegin": 9,
                    "columnBegin": 1,
                    "lineEnd": 9,
                    "columnEnd": 11
                  }
                }
              }
            }
          }
        },
        {
          "range": { "begin": 276, "end": 277 },
          "target": {
            "declaration": {
              "variable": {
                "key": {
                  "name": {
                    "key": {
                      "name": { "key": "a" },
                      "scope": {
                        "local": {
                          "key": {
                            "name": { "key": { "name": { "key": "f" } } },
                            "scope": { "global_": { } }
                          }
                        }
                      }
                    }
                  },
                  "type": { "key": "A" },
                  "kind": { "local": { "kind": 0, "attribute": 0 } },
                  "source": {
                    "file": { "key": "test.cpp" },
                    "lineBegin": 12,
                    "columnBegin": 3,
                    "lineEnd": 12,
                    "columnEnd": 5
                  }
                }
              }
            }
          }
        },
        {
          "range": { "begin": 282, "end": 283 },
          "target": {
            "declaration": {
              "variable": {
                "key": {
                  "name": {
                    "key": {
                      "name": { "key": "a" },
                      "scope": {
                        "local": {
                          "key": {
                            "name": { "key": { "name": { "key": "f" } } },
                            "scope": { "global_": { } }
                          }
                        }
                      }
                    }
                  },
                  "type": { "key": "A" },
                  "kind": { "local": { "kind": 0, "attribute": 0 } },
                  "source": {
                    "file": { "key": "test.cpp" },
                    "lineBegin": 12,
                    "columnBegin": 3,
                    "lineEnd": 12,
                    "columnEnd": 5
                  }
                }
              }
            }
          }
        },
        {
          "range": { "begin": 286, "end": 288 },
          "target": {
            "declaration": {
              "variable": {
                "key": {
                  "name": {
                    "key": {
                      "name": { "key": "a1" },
                      "scope": {
                        "local": {
                          "key": {
                            "name": { "key": { "name": { "key": "f" } } },
                            "scope": { "global_": { } }
                          }
                        }
                      }
                    }
                  },
                  "type": { "key": "A" },
                  "kind": { "local": { "kind": 0, "attribute": 0 } },
                  "source": {
                    "file": { "key": "test.cpp" },
                    "lineBegin": 13,
                    "columnBegin": 3,
                    "lineEnd": 13,
                    "columnEnd": 9
                  }
                }
              }
            }
          }
        },
        {
          "range": { "begin": 292, "end": 293 },
          "target": {
            "declaration": {
              "variable": {
                "key": {
                  "name": {
                    "key": {
                      "name": { "key": "a" },
                      "scope": {
                        "local": {
                          "key": {
                            "name": { "key": { "name": { "key": "f" } } },
                            "scope": { "global_": { } }
                          }
                        }
                      }
                    }
                  },
                  "type": { "key": "A" },
                  "kind": { "local": { "kind": 0, "attribute": 0 } },
                  "source": {
                    "file": { "key": "test.cpp" },
                    "lineBegin": 12,
                    "columnBegin": 3,
                    "lineEnd": 12,
                    "columnEnd": 5
                  }
                }
              }
            }
          }
        },
        {
          "range": { "begin": 297, "end": 298 },
          "target": {
            "declaration": {
              "record_": {
                "key": {
                  "name": {
                    "key": {
                      "name": { "key": "A" },
                      "scope": { "global_": { } }
                    }
                  },
                  "kind": { "struct_": { } },
                  "source": {
                    "file": { "key": "test.cpp" },
                    "lineBegin": 9,
                    "columnBegin": 1,
                    "lineEnd": 9,
                    "columnEnd": 11
                  }
                }
              }
            }
          }
        },
        {
          "range": { "begin": 301, "end": 303 },
          "target": {
            "declaration": {
              "variable": {
                "key": {
                  "name": {
                    "key": {
                      "name": { "key": "a2" },
                      "scope": {
                        "local": {
                          "key": {
                            "name": { "key": { "name": { "key": "f" } } },
                            "scope": { "global_": { } }
                          }
                        }
                      }
                    }
                  },
                  "type": { "key": "A" },
                  "kind": { "local": { "kind": 0, "attribute": 0 } },
                  "source": {
                    "file": { "key": "test.cpp" },
                    "lineBegin": 14,
                    "columnBegin": 3,
                    "lineEnd": 14,
                    "columnEnd": 14
                  }
                }
              }
            }
          }
        },
        {
          "range": { "begin": 363, "end": 364 },
          "target": {
            "declaration": {
              "record_": {
                "key": {
                  "name": {
                    "key": {
                      "name": { "key": "B" },
                      "scope": { "global_": { } }
                    }
                  },
                  "kind": { "struct_": { } },
                  "source": {
                    "file": { "key": "test.cpp" },
                    "lineBegin": 20,
                    "columnBegin": 1,
                    "lineEnd": 20,
                    "columnEnd": 11
                  }
                }
              }
            }
          }
        },
        {
          "range": { "begin": 377, "end": 378 },
          "target": {
            "declaration": {
              "record_": {
                "key": {
                  "name": {
                    "key": {
                      "name": { "key": "B" },
                      "scope": { "global_": { } }
                    }
                  },
                  "kind": { "struct_": { } },
                  "source": {
                    "file": { "key": "test.cpp" },
                    "lineBegin": 20,
                    "columnBegin": 1,
                    "lineEnd": 20,
                    "columnEnd": 11
                  }
                }
              }
            }
          }
        },
        {
          "range": { "begin": 387, "end": 388 },
          "target": {
            "declaration": {
              "variable": {
                "key": {
                  "name": {
                    "key": {
                      "name": { "key": "b" },
                      "scope": {
                        "local": {
                          "key": {
                            "name": { "key": { "name": { "key": "g" } } },
                            "scope": { "global_": { } }
                          }
                        }
                      }
                    }
                  },
                  "type": { "key": "B<int>" },
                  "kind": { "local": { "kind": 0, "attribute": 0 } },
                  "source": {
                    "file": { "key": "test.cpp" },
                    "lineBegin": 24,
                    "columnBegin": 5,
                    "lineEnd": 24,
                    "columnEnd": 12
                  }
                }
              }
            }
          }
        },
        {
          "range": { "begin": 395, "end": 396 },
          "target": {
            "declaration": {
              "record_": {
                "key": {
                  "name": {
                    "key": {
                      "name": { "key": "B" },
                      "scope": { "global_": { } }
                    }
                  },
                  "kind": { "struct_": { } },
                  "source": {
                    "file": { "key": "test.cpp" },
                    "lineBegin": 20,
                    "columnBegin": 1,
                    "lineEnd": 20,
                    "columnEnd": 11
                  }
                }
              }
            }
          }
        },
        {
          "range": { "begin": 406, "end": 407 },
          "target": {
            "declaration": {
              "record_": {
                "key": {
                  "name": {
                    "key": {
                      "name": { "key": "B" },
                      "scope": { "global_": { } }
                    }
                  },
                  "kind": { "struct_": { } },
                  "source": {
                    "file": { "key": "test.cpp" },
                    "lineBegin": 20,
                    "columnBegin": 1,
                    "lineEnd": 20,
                    "columnEnd": 11
                  }
                }
              }
            }
          }
        },
        {
          "range": { "begin": 415, "end": 416 },
          "target": {
            "declaration": {
              "variable": {
                "key": {
                  "name": {
                    "key": {
                      "name": { "key": "b" },
                      "scope": {
                        "local": {
                          "key": {
                            "name": { "key": { "name": { "key": "g" } } },
                            "scope": { "global_": { } }
                          }
                        }
                      }
                    }
                  },
                  "type": { "key": "B<int>" },
                  "kind": { "local": { "kind": 0, "attribute": 0 } },
                  "source": {
                    "file": { "key": "test.cpp" },
                    "lineBegin": 24,
                    "columnBegin": 5,
                    "lineEnd": 24,
                    "columnEnd": 12
                  }
                }
              }
            }
          }
        },
        {
          "range": { "begin": 423, "end": 424 },
          "target": {
            "declaration": {
              "variable": {
                "key": {
                  "name": {
                    "key": {
                      "name": { "key": "b" },
                      "scope": {
                        "local": {
                          "key": {
                            "name": { "key": { "name": { "key": "g" } } },
                            "scope": { "global_": { } }
                          }
                        }
                      }
                    }
                  },
                  "type": { "key": "B<int>" },
                  "kind": { "local": { "kind": 0, "attribute": 0 } },
                  "source": {
                    "file": { "key": "test.cpp" },
                    "lineBegin": 24,
                    "columnBegin": 5,
                    "lineEnd": 24,
                    "columnEnd": 12
                  }
                }
              }
            }
          }
        },
        {
          "range": { "begin": 427, "end": 429 },
          "target": {
            "declaration": {
              "variable": {
                "key": {
                  "name": {
                    "key": {
                      "name": { "key": "b1" },
                      "scope": {
                        "local": {
                          "key": {
                            "name": { "key": { "name": { "key": "g" } } },
                            "scope": { "global_": { } }
                          }
                        }
                      }
                    }
                  },
                  "type": { "key": "B<int>" },
                  "kind": { "local": { "kind": 0, "attribute": 0 } },
                  "source": {
                    "file": { "key": "test.cpp" },
                    "lineBegin": 25,
                    "columnBegin": 5,
                    "lineEnd": 25,
                    "columnEnd": 16
                  }
                }
              }
            }
          }
        },
        {
          "range": { "begin": 435, "end": 436 },
          "target": {
            "declaration": {
              "variable": {
                "key": {
                  "name": {
                    "key": {
                      "name": { "key": "b" },
                      "scope": {
                        "local": {
                          "key": {
                            "name": { "key": { "name": { "key": "g" } } },
                            "scope": { "global_": { } }
                          }
                        }
                      }
                    }
                  },
                  "type": { "key": "B<int>" },
                  "kind": { "local": { "kind": 0, "attribute": 0 } },
                  "source": {
                    "file": { "key": "test.cpp" },
                    "lineBegin": 24,
                    "columnBegin": 5,
                    "lineEnd": 24,
                    "columnEnd": 12
                  }
                }
              }
            }
          }
        },
        {
          "range": { "begin": 440, "end": 441 },
          "target": {
            "declaration": {
              "record_": {
                "key": {
                  "name": {
                    "key": {
                      "name": { "key": "B" },
                      "scope": { "global_": { } }
                    }
                  },
                  "kind": { "struct_": { } },
                  "source": {
                    "file": { "key": "test.cpp" },
                    "lineBegin": 20,
                    "columnBegin": 1,
                    "lineEnd": 20,
                    "columnEnd": 11
                  }
                }
              }
            }
          }
        },
        {
          "range": { "begin": 449, "end": 451 },
          "target": {
            "declaration": {
              "variable": {
                "key": {
                  "name": {
                    "key": {
                      "name": { "key": "b2" },
                      "scope": {
                        "local": {
                          "key": {
                            "name": { "key": { "name": { "key": "g" } } },
                            "scope": { "global_": { } }
                          }
                        }
                      }
                    }
                  },
                  "type": { "key": "B<int>" },
                  "kind": { "local": { "kind": 0, "attribute": 0 } },
                  "source": {
                    "file": { "key": "test.cpp" },
                    "lineBegin": 26,
                    "columnBegin": 5,
                    "lineEnd": 26,
                    "columnEnd": 26
                  }
                }
              }
            }
          }
        },
        {
          "range": { "begin": 465, "end": 466 },
          "target": {
            "declaration": {
              "record_": {
                "key": {
                  "name": {
                    "key": {
                      "name": { "key": "B" },
                      "scope": { "global_": { } }
                    }
                  },
                  "kind": { "struct_": { } },
                  "source": {
                    "file": { "key": "test.cpp" },
                    "lineBegin": 20,
                    "columnBegin": 1,
                    "lineEnd": 20,
                    "columnEnd": 11
                  }
                }
              }
            }
          }
        },
        {
          "range": { "begin": 481, "end": 482 },
          "target": {
            "declaration": {
              "record_": {
                "key": {
                  "name": {
                    "key": {
                      "name": { "key": "B" },
                      "scope": { "global_": { } }
                    }
                  },
                  "kind": { "struct_": { } },
                  "source": {
                    "file": { "key": "test.cpp" },
                    "lineBegin": 20,
                    "columnBegin": 1,
                    "lineEnd": 20,
                    "columnEnd": 11
                  }
                }
              }
            }
          }
        },
        {
          "range": { "begin": 493, "end": 494 },
          "target": {
            "declaration": {
              "variable": {
                "key": {
                  "name": {
                    "key": {
                      "name": { "key": "b" },
                      "scope": {
                        "local": {
                          "key": {
                            "name": { "key": { "name": { "key": "g" } } },
                            "scope": { "global_": { } }
                          }
                        }
                      }
                    }
                  },
                  "type": { "key": "B<short>" },
                  "kind": { "local": { "kind": 0, "attribute": 0 } },
                  "source": {
                    "file": { "key": "test.cpp" },
                    "lineBegin": 31,
                    "columnBegin": 5,
                    "lineEnd": 31,
                    "columnEnd": 14
                  }
                }
              }
            }
          }
        },
        {
          "range": { "begin": 501, "end": 502 },
          "target": {
            "declaration": {
              "record_": {
                "key": {
                  "name": {
                    "key": {
                      "name": { "key": "B" },
                      "scope": { "global_": { } }
                    }
                  },
                  "kind": { "struct_": { } },
                  "source": {
                    "file": { "key": "test.cpp" },
                    "lineBegin": 20,
                    "columnBegin": 1,
                    "lineEnd": 20,
                    "columnEnd": 11
                  }
                }
              }
            }
          }
        },
        {
          "range": { "begin": 514, "end": 515 },
          "target": {
            "declaration": {
              "record_": {
                "key": {
                  "name": {
                    "key": {
                      "name": { "key": "B" },
                      "scope": { "global_": { } }
                    }
                  },
                  "kind": { "struct_": { } },
                  "source": {
                    "file": { "key": "test.cpp" },
                    "lineBegin": 20,
                    "columnBegin": 1,
                    "lineEnd": 20,
                    "columnEnd": 11
                  }
                }
              }
            }
          }
        },
        {
          "range": { "begin": 525, "end": 526 },
          "target": {
            "declaration": {
              "variable": {
                "key": {
                  "name": {
                    "key": {
                      "name": { "key": "b" },
                      "scope": {
                        "local": {
                          "key": {
                            "name": { "key": { "name": { "key": "g" } } },
                            "scope": { "global_": { } }
                          }
                        }
                      }
                    }
                  },
                  "type": { "key": "B<short>" },
                  "kind": { "local": { "kind": 0, "attribute": 0 } },
                  "source": {
                    "file": { "key": "test.cpp" },
                    "lineBegin": 31,
                    "columnBegin": 5,
                    "lineEnd": 31,
                    "columnEnd": 14
                  }
                }
              }
            }
          }
        },
        {
          "range": { "begin": 533, "end": 534 },
          "target": {
            "declaration": {
              "variable": {
                "key": {
                  "name": {
                    "key": {
                      "name": { "key": "b" },
                      "scope": {
                        "local": {
                          "key": {
                            "name": { "key": { "name": { "key": "g" } } },
                            "scope": { "global_": { } }
                          }
                        }
                      }
                    }
                  },
                  "type": { "key": "B<short>" },
                  "kind": { "local": { "kind": 0, "attribute": 0 } },
                  "source": {
                    "file": { "key": "test.cpp" },
                    "lineBegin": 31,
                    "columnBegin": 5,
                    "lineEnd": 31,
                    "columnEnd": 14
                  }
                }
              }
            }
          }
        },
        {
          "range": { "begin": 537, "end": 539 },
          "target": {
            "declaration": {
              "variable": {
                "key": {
                  "name": {
                    "key": {
                      "name": { "key": "b1" },
                      "scope": {
                        "local": {
                          "key": {
                            "name": { "key": { "name": { "key": "g" } } },
                            "scope": { "global_": { } }
                          }
                        }
                      }
                    }
                  },
                  "type": { "key": "B<short>" },
                  "kind": { "local": { "kind": 0, "attribute": 0 } },
                  "source": {
                    "file": { "key": "test.cpp" },
                    "lineBegin": 32,
                    "columnBegin": 5,
                    "lineEnd": 32,
                    "columnEnd": 18
                  }
                }
              }
            }
          }
        },
        {
          "range": { "begin": 545, "end": 546 },
          "target": {
            "declaration": {
              "variable": {
                "key": {
                  "name": {
                    "key": {
                      "name": { "key": "b" },
                      "scope": {
                        "local": {
                          "key": {
                            "name": { "key": { "name": { "key": "g" } } },
                            "scope": { "global_": { } }
                          }
                        }
                      }
                    }
                  },
                  "type": { "key": "B<short>" },
                  "kind": { "local": { "kind": 0, "attribute": 0 } },
                  "source": {
                    "file": { "key": "test.cpp" },
                    "lineBegin": 31,
                    "columnBegin": 5,
                    "lineEnd": 31,
                    "columnEnd": 14
                  }
                }
              }
            }
          }
        },
        {
          "range": { "begin": 550, "end": 551 },
          "target": {
            "declaration": {
              "record_": {
                "key": {
                  "name": {
                    "key": {
                      "name": { "key": "B" },
                      "scope": { "global_": { } }
                    }
                  },
                  "kind": { "struct_": { } },
                  "source": {
                    "file": { "key": "test.cpp" },
                    "lineBegin": 20,
                    "columnBegin": 1,
                    "lineEnd": 20,
                    "columnEnd": 11
                  }
                }
              }
            }
          }
        },
        {
          "range": { "begin": 561, "end": 563 },
          "target": {
            "declaration": {
              "variable": {
                "key": {
                  "name": {
                    "key": {
                      "name": { "key": "b2" },
                      "scope": {
                        "local": {
                          "key": {
                            "name": { "key": { "name": { "key": "g" } } },
                            "scope": { "global_": { } }
                          }
                        }
                      }
                    }
                  },
                  "type": { "key": "B<short>" },
                  "kind": { "local": { "kind": 0, "attribute": 0 } },
                  "source": {
                    "file": { "key": "test.cpp" },
                    "lineBegin": 33,
                    "columnBegin": 5,
                    "lineEnd": 33,
                    "columnEnd": 30
                  }
                }
              }
            }
          }
        }
      ]
    }
  }
]