[
  "@generated",
  {
    "key": {
      "file": { "key": "test.cpp" },
      "entity": {
        "cxx": {
          "decl": {
            "function_": {
              "key": {
                "name": {
                  "key": {
                    "name": { "key": { "name": { "key": "f" } } },
                    "scope": {
                      "recordWithAccess": {
                        "record": {
                          "key": {
                            "name": { "key": "W" },
                            "scope": {
                              "namespace_": {
                                "key": { "name": { "key": "N1" } }
                              }
                            }
                          }
                        },
                        "access": 0
                      }
                    }
                  }
                },
                "signature": {
                  "key": { "returns": { "key": "int" }, "parameters": [ ] }
                },
                "source": {
                  "file": { "key": "test.cpp" },
                  "lineBegin": 14,
                  "columnBegin": 28,
                  "lineEnd": 14,
                  "columnEnd": 41
                }
              }
            }
          }
        }
      },
      "kind": 13
    }
  },
  {
    "key": {
      "file": { "key": "test.cpp" },
      "entity": {
        "cxx": {
          "decl": {
            "namespace_": {
              "key": {
                "name": { "key": { "name": { "key": "N1" } } },
                "source": {
                  "file": { "key": "test.cpp" },
                  "lineBegin": 1,
                  "columnBegin": 1,
                  "lineEnd": 16,
                  "columnEnd": 1
                }
              }
            }
          }
        }
      },
      "kind": 5
    }
  },
  {
    "key": {
      "file": { "key": "test.cpp" },
      "entity": {
        "cxx": {
          "decl": {
            "typeAlias": {
              "key": {
                "name": {
                  "key": {
                    "name": { "key": "Type" },
                    "scope": {
                      "recordWithAccess": {
                        "record": {
                          "key": {
                            "name": { "key": "W" },
                            "scope": {
                              "namespace_": {
                                "key": { "name": { "key": "N1" } }
                              }
                            }
                          }
                        },
                        "access": 0
                      }
                    }
                  }
                },
                "type": { "key": "double" },
                "kind": 1,
                "source": {
                  "file": { "key": "test.cpp" },
                  "lineBegin": 14,
                  "columnBegin": 12,
                  "lineEnd": 14,
                  "columnEnd": 25
                }
              }
            }
          }
        }
      },
      "kind": 6
    }
  },
  {
    "key": {
      "file": { "key": "test.cpp" },
      "entity": {
        "cxx": {
          "enumerator": {
            "key": {
              "name": { "key": "F2" },
              "enumeration": {
                "key": {
                  "name": {
                    "key": {
                      "name": { "key": "F" },
                      "scope": {
                        "namespace_": { "key": { "name": { "key": "N1" } } }
                      }
                    }
                  },
                  "isScoped": true,
                  "source": {
                    "file": { "key": "test.cpp" },
                    "lineBegin": 8,
                    "columnBegin": 1,
                    "lineEnd": 8,
                    "columnEnd": 27
                  }
                }
              },
              "source": {
                "file": { "key": "test.cpp" },
                "lineBegin": 8,
                "columnBegin": 20,
                "lineEnd": 8,
                "columnEnd": 21
              }
            }
          }
        }
      },
      "kind": 23
    }
  }
]