[
  "@generated",
  {
    "key": {
      "file": { "key": "test.cpp" },
      "xref": {
        "target": {
          "name": "foo",
          "file": { "key": "test.cpp" },
          "location": {
            "range": {
              "file": { "key": "test.cpp" },
              "lineBegin": 9,
              "columnBegin": 22,
              "lineEnd": 9,
              "columnEnd": 42
            }
          }
        },
        "source": { "span": { "start": 399, "length": 3 } }
      },
      "entity": {
        "cxx": {
          "decl": {
            "variable": {
              "key": {
                "name": {
                  "key": {
                    "name": { "key": "foo" },
                    "scope": { "global_": { } }
                  }
                },
                "type": { "key": "const int" },
                "kind": {
                  "global_": { "kind": 0, "attribute": 2, "definition": true }
                },
                "source": {
                  "file": { "key": "test.cpp" },
                  "lineBegin": 9,
                  "columnBegin": 22,
                  "lineEnd": 9,
                  "columnEnd": 42
                }
              }
            }
          }
        }
      }
    }
  },
  {
    "key": {
      "file": { "key": "test.cpp" },
      "xref": {
        "target": {
          "name": "foo",
          "file": { "key": "test.cpp" },
          "location": {
            "range": {
              "file": { "key": "test.cpp" },
              "lineBegin": 9,
              "columnBegin": 22,
              "lineEnd": 9,
              "columnEnd": 42
            }
          }
        },
        "source": { "span": { "start": 437, "length": 3 } }
      },
      "entity": {
        "cxx": {
          "decl": {
            "variable": {
              "key": {
                "name": {
                  "key": {
                    "name": { "key": "foo" },
                    "scope": { "global_": { } }
                  }
                },
                "type": { "key": "const int" },
                "kind": {
                  "global_": { "kind": 0, "attribute": 2, "definition": true }
                },
                "source": {
                  "file": { "key": "test.cpp" },
                  "lineBegin": 9,
                  "columnBegin": 22,
                  "lineEnd": 9,
                  "columnEnd": 42
                }
              }
            }
          }
        }
      }
    }
  },
  {
    "key": {
      "file": { "key": "test.cpp" },
      "xref": {
        "target": {
          "name": "foo",
          "file": { "key": "test.cpp" },
          "location": {
            "range": {
              "file": { "key": "test.cpp" },
              "lineBegin": 10,
              "columnBegin": 1,
              "lineEnd": 10,
              "columnEnd": 46
            }
          }
        },
        "source": { "span": { "start": 411, "length": 3 } }
      },
      "entity": {
        "cxx": {
          "decl": {
            "variable": {
              "key": {
                "name": {
                  "key": {
                    "name": { "key": "foo" },
                    "scope": { "global_": { } }
                  }
                },
                "type": { "key": "const int" },
                "kind": {
                  "global_": { "kind": 0, "attribute": 2, "definition": true }
                },
                "source": {
                  "file": { "key": "test.cpp" },
                  "lineBegin": 10,
                  "columnBegin": 1,
                  "lineEnd": 10,
                  "columnEnd": 46
                }
              }
            }
          }
        }
      }
    }
  },
  {
    "key": {
      "file": { "key": "test.cpp" },
      "xref": {
        "target": {
          "name": "foo",
          "file": { "key": "test.cpp" },
          "location": {
            "range": {
              "file": { "key": "test.cpp" },
              "lineBegin": 11,
              "columnBegin": 1,
              "lineEnd": 11,
              "columnEnd": 38
            }
          }
        },
        "source": { "span": { "start": 424, "length": 3 } }
      },
      "entity": {
        "cxx": {
          "decl": {
            "variable": {
              "key": {
                "name": {
                  "key": {
                    "name": { "key": "foo" },
                    "scope": { "global_": { } }
                  }
                },
                "type": { "key": "const int" },
                "kind": {
                  "global_": { "kind": 0, "attribute": 2, "definition": true }
                },
                "source": {
                  "file": { "key": "test.cpp" },
                  "lineBegin": 11,
                  "columnBegin": 1,
                  "lineEnd": 11,
                  "columnEnd": 38
                }
              }
            }
          }
        }
      }
    }
  }
]