[
  "@generated",
  {
    "key": {
      "file": { "key": "test.cpp" },
      "xrefs": [
        {
          "range": { "begin": 261, "end": 262 },
          "target": {
            "declaration": {
              "record_": {
                "key": {
                  "name": {
                    "key": {
                      "name": { "key": "T" },
                      "scope": { "global_": { } }
                    }
                  },
                  "kind": { "struct_": { } },
                  "source": {
                    "file": { "key": "test.cpp" },
                    "lineBegin": 9,
                    "columnBegin": 1,
                    "lineEnd": 11,
                    "columnEnd": 1
                  }
                }
              }
            }
          }
        },
        {
          "range": { "begin": 284, "end": 286 },
          "target": {
            "declaration": {
              "variable": {
                "key": {
                  "name": {
                    "key": {
                      "name": { "key": "x_" },
                      "scope": {
                        "recordWithAccess": {
                          "record": {
                            "key": {
                              "name": { "key": "S" },
                              "scope": { "global_": { } }
                            }
                          },
                          "access": 0
                        }
                      }
                    }
                  },
                  "type": { "key": "int" },
                  "kind": { "field": { "mutable_": false } },
                  "source": {
                    "file": { "key": "test.cpp" },
                    "lineBegin": 16,
                    "columnBegin": 3,
                    "lineEnd": 16,
                    "columnEnd": 8
                  }
                }
              }
            }
          }
        },
        {
          "range": { "begin": 287, "end": 288 },
          "target": {
            "declaration": {
              "variable": {
                "key": {
                  "name": {
                    "key": {
                      "name": { "key": "y" },
                      "scope": {
                        "local": {
                          "key": {
                            "name": { "key": { "constructor": { } } },
                            "scope": {
                              "recordWithAccess": {
                                "record": {
                                  "key": {
                                    "name": { "key": "S" },
                                    "scope": { "global_": { } }
                                  }
                                },
                                "access": 0
                              }
                            }
                          }
                        }
                      }
                    }
                  },
                  "type": { "key": "int" },
                  "kind": { "local": { "kind": 2, "attribute": 0 } },
                  "source": {
                    "file": { "key": "test.cpp" },
                    "lineBegin": 14,
                    "columnBegin": 5,
                    "lineEnd": 14,
                    "columnEnd": 9
                  }
                }
              }
            }
          }
        },
        {
          "range": { "begin": 291, "end": 292 },
          "target": {
            "declaration": {
              "record_": {
                "key": {
                  "name": {
                    "key": {
                      "name": { "key": "T" },
                      "scope": { "global_": { } }
                    }
                  },
                  "kind": { "struct_": { } },
                  "source": {
                    "file": { "key": "test.cpp" },
                    "lineBegin": 9,
                    "columnBegin": 1,
                    "lineEnd": 11,
                    "columnEnd": 1
                  }
                }
              }
            }
          }
        }
      ]
    }
  }
]