[
  "@generated",
  {
    "key": {
      "file": { "key": "test.m" },
      "xref": {
        "target": {
          "name": "J",
          "file": { "key": "test.m" },
          "location": {
            "range": {
              "file": { "key": "test.m" },
              "lineBegin": 9,
              "columnBegin": 1,
              "lineEnd": 11,
              "columnEnd": 4
            }
          }
        },
        "source": { "span": { "start": 323, "length": 1 } }
      },
      "entity": {
        "cxx": {
          "decl": {
            "objcContainer": {
              "key": {
                "id": { "interface_": { "key": "J" } },
                "source": {
                  "file": { "key": "test.m" },
                  "lineBegin": 9,
                  "columnBegin": 1,
                  "lineEnd": 11,
                  "columnEnd": 4
                }
              }
            }
          }
        }
      }
    }
  },
  {
    "key": {
      "file": { "key": "test.m" },
      "xref": {
        "target": {
          "name": "checkSelector",
          "file": { "key": "test.m" },
          "location": {
            "range": {
              "file": { "key": "test.m" },
              "lineBegin": 10,
              "columnBegin": 1,
              "lineEnd": 10,
              "columnEnd": 36
            }
          }
        },
        "source": { "span": { "start": 395, "length": 13 } }
      },
      "entity": {
        "cxx": {
          "decl": {
            "objcMethod": {
              "key": {
                "selector": { "key": [ "checkSelector" ] },
                "container": { "interface_": { "key": "J" } },
                "signature": {
                  "key": {
                    "returns": { "key": "void" },
                    "parameters": [
                      {
                        "name": { "key": "selector" },
                        "type": { "key": "SEL" }
                      }
                    ]
                  }
                },
                "isInstance": true,
                "isOptional": false,
                "isAccessor": false,
                "source": {
                  "file": { "key": "test.m" },
                  "lineBegin": 10,
                  "columnBegin": 1,
                  "lineEnd": 10,
                  "columnEnd": 36
                }
              }
            }
          }
        }
      }
    }
  }
]