[
  "@generated",
  {
    "key": {
      "file": { "key": "test.m" },
      "entity": {
        "cxx": {
          "decl": {
            "function_": {
              "key": {
                "name": {
                  "key": {
                    "name": { "key": { "name": { "key": "bar" } } },
                    "scope": { "global_": { } }
                  }
                },
                "signature": {
                  "key": {
                    "returns": { "key": "void" },
                    "parameters": [
                      {
                        "name": { "key": "selector" },
                        "type": { "key": "SEL" }
                      }
                    ]
                  }
                },
                "source": {
                  "file": { "key": "test.m" },
                  "lineBegin": 5,
                  "columnBegin": 1,
                  "lineEnd": 8,
                  "columnEnd": 1
                }
              }
            }
          }
        }
      },
      "kind": 13
    }
  },
  {
    "key": {
      "file": { "key": "test.m" },
      "entity": {
        "cxx": {
          "decl": {
            "function_": {
              "key": {
                "name": {
                  "key": {
                    "name": { "key": { "name": { "key": "call" } } },
                    "scope": { "global_": { } }
                  }
                },
                "signature": {
                  "key": {
                    "returns": { "key": "void" },
                    "parameters": [
                      { "name": { "key": "s" }, "type": { "key": "J *" } }
                    ]
                  }
                },
                "source": {
                  "file": { "key": "test.m" },
                  "lineBegin": 10,
                  "columnBegin": 1,
                  "lineEnd": 15,
                  "columnEnd": 1
                }
              }
            }
          }
        }
      },
      "kind": 13
    }
  }
]