[
  "@generated",
  {
    "key": {
      "tuplefield0": {
        "objcContainer": {
          "key": {
            "id": { "interface_": { "key": "J" } },
            "source": {
              "file": { "key": "test.m" },
              "lineBegin": 9,
              "columnBegin": 1,
              "lineEnd": 11,
              "columnEnd": 4
            }
          }
        }
      },
      "tuplefield1": {
        "objcContainer": {
          "key": {
            "id": { "interface_": { "key": "J" } },
            "source": {
              "file": { "key": "test.m" },
              "lineBegin": 9,
              "columnBegin": 1,
              "lineEnd": 11,
              "columnEnd": 4
            }
          }
        }
      }
    }
  },
  {
    "key": {
      "tuplefield0": {
        "objcContainer": {
          "key": {
            "id": { "protocol": { "key": "Foo" } },
            "source": {
              "file": { "key": "test.m" },
              "lineBegin": 13,
              "columnBegin": 1,
              "lineEnd": 14,
              "columnEnd": 4
            }
          }
        }
      },
      "tuplefield1": {
        "objcContainer": {
          "key": {
            "id": { "protocol": { "key": "Foo" } },
            "source": {
              "file": { "key": "test.m" },
              "lineBegin": 13,
              "columnBegin": 1,
              "lineEnd": 14,
              "columnEnd": 4
            }
          }
        }
      }
    }
  }
]