[
    "@generated",
    {
        "filepath": "test.cpp",
        "range": {
            "columnBegin": 1,
            "columnEnd": 12,
            "lineBegin": 20,
            "lineEnd": 20
        },
        "repository": "test"
    }
]