[
    "@generated",
    {
        "symbolDetails": [],
        "symbols": [
            {
                "kind": 12,
                "language": 1,
                "location": {
                    "filepath": "test.cpp",
                    "range": {
                        "columnBegin": 1,
                        "columnEnd": 27,
                        "lineBegin": 89,
                        "lineEnd": 89
                    },
                    "repository": "test"
                },
                "name": "Global",
                "symbol": "test/cpp//Global"
            },
            {
                "kind": 12,
                "language": 1,
                "location": {
                    "filepath": "test.cpp",
                    "range": {
                        "columnBegin": 1,
                        "columnEnd": 41,
                        "lineBegin": 90,
                        "lineEnd": 90
                    },
                    "repository": "test"
                },
                "name": "GlobalClass",
                "symbol": "test/cpp//GlobalClass"
            },
            {
                "kind": 12,
                "language": 1,
                "location": {
                    "filepath": "test.cpp",
                    "range": {
                        "columnBegin": 3,
                        "columnEnd": 26,
                        "lineBegin": 83,
                        "lineEnd": 83
                    },
                    "repository": "test"
                },
                "name": "InU",
                "symbol": "test/cpp//baz/U/InU"
            },
            {
                "kind": 12,
                "language": 1,
                "location": {
                    "filepath": "test.cpp",
                    "range": {
                        "columnBegin": 3,
                        "columnEnd": 40,
                        "lineBegin": 84,
                        "lineEnd": 84
                    },
                    "repository": "test"
                },
                "name": "InUClass",
                "symbol": "test/cpp//baz/U/InUClass"
            },
            {
                "kind": 14,
                "language": 1,
                "location": {
                    "filepath": "test.cpp",
                    "range": {
                        "columnBegin": 1,
                        "columnEnd": 2,
                        "lineBegin": 22,
                        "lineEnd": 24
                    },
                    "repository": "test"
                },
                "name": "foo",
                "symbol": "test/cpp//foo/foo"
            },
            {
                "kind": 14,
                "language": 1,
                "location": {
                    "filepath": "test.cpp",
                    "range": {
                        "columnBegin": 1,
                        "columnEnd": 2,
                        "lineBegin": 42,
                        "lineEnd": 44
                    },
                    "repository": "test"
                },
                "name": "fooFn",
                "symbol": "test/cpp//foo/fooFn"
            },
            {
                "kind": 14,
                "language": 1,
                "location": {
                    "filepath": "test.cpp",
                    "range": {
                        "columnBegin": 1,
                        "columnEnd": 2,
                        "lineBegin": 51,
                        "lineEnd": 59
                    },
                    "repository": "test"
                },
                "name": "h",
                "symbol": "test/cpp//h"
            },
            {
                "kind": 12,
                "language": 1,
                "location": {
                    "filepath": "test.cpp",
                    "range": {
                        "columnBegin": 3,
                        "columnEnd": 32,
                        "lineBegin": 67,
                        "lineEnd": 67
                    },
                    "repository": "test"
                },
                "name": "_secret",
                "symbol": "test/cpp//maybe/Nothing/_secret"
            }
        ]
    }
]