[
    "@generated",
    {
        "symbolDetails": [
            {
                "annotations": [],
                "comments": [
                    {
                        "filepath": "test.cpp",
                        "range": {
                            "columnBegin": 1,
                            "columnEnd": 4,
                            "lineBegin": 13,
                            "lineEnd": 15
                        },
                        "repository": "test"
                    }
                ],
                "kind": 14,
                "language": 1,
                "location": {
                    "filepath": "test.cpp",
                    "range": {
                        "columnBegin": 1,
                        "columnEnd": 9,
                        "lineBegin": 16,
                        "lineEnd": 16
                    },
                    "repository": "test"
                },
                "name": {
                    "container": "foo",
                    "localName": "f"
                },
                "repo_hash": "testhash",
                "sym": "test/cpp/foo/f"
            },
            {
                "annotations": [],
                "comments": [],
                "kind": 14,
                "language": 1,
                "location": {
                    "filepath": "test.cpp",
                    "range": {
                        "columnBegin": 1,
                        "columnEnd": 2,
                        "lineBegin": 19,
                        "lineEnd": 21
                    },
                    "repository": "test"
                },
                "name": {
                    "container": "foo",
                    "localName": "foo"
                },
                "repo_hash": "testhash",
                "sym": "test/cpp/foo/foo"
            },
            {
                "annotations": [],
                "comments": [],
                "kind": 14,
                "language": 1,
                "location": {
                    "filepath": "test.cpp",
                    "range": {
                        "columnBegin": 1,
                        "columnEnd": 11,
                        "lineBegin": 25,
                        "lineEnd": 25
                    },
                    "repository": "test"
                },
                "name": {
                    "container": "foo",
                    "localName": "foo"
                },
                "repo_hash": "testhash",
                "sym": "test/cpp/foo/foo"
            }
        ],
        "symbols": [
            "test/cpp/foo/f",
            "test/cpp/foo/foo",
            "test/cpp/foo/foo"
        ]
    }
]