[
    "@generated",
    {
        "symbolDetails": [
            {
                "comments": [],
                "kind": 14,
                "language": 1,
                "location": {
                    "filepath": "test.cpp",
                    "range": {
                        "columnBegin": 1,
                        "columnEnd": 2,
                        "lineBegin": 19,
                        "lineEnd": 21
                    },
                    "repository": "test"
                },
                "name": {
                    "container": "foo",
                    "localName": "foo"
                },
                "repo_hash": "testhash",
                "sym": "test/cpp/foo/foo",
                "sym_location": {
                    "filepath": "test.cpp",
                    "range": {
                        "columnBegin": 1,
                        "columnEnd": 2,
                        "lineBegin": 19,
                        "lineEnd": 21
                    },
                    "repository": "test"
                },
                "sym_other_locations": []
            },
            {
                "comments": [],
                "kind": 14,
                "language": 1,
                "location": {
                    "filepath": "test.cpp",
                    "range": {
                        "columnBegin": 1,
                        "columnEnd": 2,
                        "lineBegin": 34,
                        "lineEnd": 36
                    },
                    "repository": "test"
                },
                "name": {
                    "container": "foo",
                    "localName": "fooFn"
                },
                "repo_hash": "testhash",
                "sym": "test/cpp/foo/fooFn",
                "sym_location": {
                    "filepath": "test.cpp",
                    "range": {
                        "columnBegin": 1,
                        "columnEnd": 2,
                        "lineBegin": 34,
                        "lineEnd": 36
                    },
                    "repository": "test"
                },
                "sym_other_locations": []
            },
            {
                "comments": [],
                "kind": 14,
                "language": 1,
                "location": {
                    "filepath": "test.cpp",
                    "range": {
                        "columnBegin": 1,
                        "columnEnd": 2,
                        "lineBegin": 40,
                        "lineEnd": 48
                    },
                    "repository": "test"
                },
                "name": {
                    "container": "",
                    "localName": "h"
                },
                "repo_hash": "testhash",
                "sym": "test/cpp/h",
                "sym_location": {
                    "filepath": "test.cpp",
                    "range": {
                        "columnBegin": 1,
                        "columnEnd": 2,
                        "lineBegin": 40,
                        "lineEnd": 48
                    },
                    "repository": "test"
                },
                "sym_other_locations": []
            }
        ],
        "symbols": [
            {
                "kind": 14,
                "language": 1,
                "location": {
                    "filepath": "test.cpp",
                    "range": {
                        "columnBegin": 1,
                        "columnEnd": 2,
                        "lineBegin": 19,
                        "lineEnd": 21
                    },
                    "repository": "test"
                },
                "name": "foo",
                "symbol": "test/cpp/foo/foo"
            },
            {
                "kind": 14,
                "language": 1,
                "location": {
                    "filepath": "test.cpp",
                    "range": {
                        "columnBegin": 1,
                        "columnEnd": 2,
                        "lineBegin": 34,
                        "lineEnd": 36
                    },
                    "repository": "test"
                },
                "name": "fooFn",
                "symbol": "test/cpp/foo/fooFn"
            },
            {
                "kind": 14,
                "language": 1,
                "location": {
                    "filepath": "test.cpp",
                    "range": {
                        "columnBegin": 1,
                        "columnEnd": 2,
                        "lineBegin": 40,
                        "lineEnd": 48
                    },
                    "repository": "test"
                },
                "name": "h",
                "symbol": "test/cpp/h"
            }
        ]
    }
]