[
  "@generated",
  {
    "key": {
      "file": { "key": "test.cpp" },
      "digest": {
        "hash": "05d9287d4717a2a6eb1e5a1c264ee9976e497ee5",
        "size": 316
      }
    }
  }
]