[
    "@generated",
    {
        "edges": [
            {
                "child": "test/php/RefClass",
                "parent": "test/php/SourceInterface"
            }
        ],
        "symbolDetails": {
            "test/php/RefClass": {
                "annotations": [],
                "comments": [],
                "kind": 7,
                "language": 3,
                "location": {
                    "filepath": "www/RefClass.php",
                    "range": {
                        "columnBegin": 1,
                        "columnEnd": 2,
                        "lineBegin": 10,
                        "lineEnd": 32
                    },
                    "repository": "test"
                },
                "name": {
                    "container": "",
                    "localName": "RefClass"
                },
                "repo_hash": "testhash",
                "signature": "class RefClass",
                "sym": "test/php/RefClass",
                "sym_location": {
                    "filepath": "www/RefClass.php",
                    "range": {
                        "columnBegin": 1,
                        "columnEnd": 2,
                        "lineBegin": 10,
                        "lineEnd": 32
                    },
                    "repository": "test"
                },
                "sym_other_locations": []
            },
            "test/php/SourceInterface": {
                "annotations": [],
                "comments": [],
                "kind": 13,
                "language": 3,
                "location": {
                    "filepath": "www/SourceInterface.php",
                    "range": {
                        "columnBegin": 1,
                        "columnEnd": 2,
                        "lineBegin": 10,
                        "lineEnd": 16
                    },
                    "repository": "test"
                },
                "name": {
                    "container": "",
                    "localName": "SourceInterface"
                },
                "repo_hash": "testhash",
                "signature": "interface SourceInterface",
                "sym": "test/php/SourceInterface",
                "sym_location": {
                    "filepath": "www/SourceInterface.php",
                    "range": {
                        "columnBegin": 1,
                        "columnEnd": 2,
                        "lineBegin": 10,
                        "lineEnd": 16
                    },
                    "repository": "test"
                },
                "sym_other_locations": []
            }
        }
    }
]