[
    "@generated",
    {
        "symbolDetails": [],
        "symbols": [
            {
                "kind": 14,
                "language": 3,
                "location": {
                    "filepath": "www/TopLevel.php",
                    "range": {
                        "columnBegin": 1,
                        "columnEnd": 2,
                        "lineBegin": 12,
                        "lineEnd": 14
                    },
                    "repository": "test"
                },
                "name": "corge",
                "symbol": "test/php/corge"
            }
        ]
    }
]