[
    "@generated",
    {
        "symbolDetails": [
            {
                "annotations": [],
                "comments": [],
                "kind": 12,
                "language": 3,
                "location": {
                    "filepath": "www/TopLevel.php",
                    "range": {
                        "columnBegin": 1,
                        "columnEnd": 2,
                        "lineBegin": 16,
                        "lineEnd": 22
                    },
                    "repository": "test"
                },
                "name": {
                    "container": "",
                    "localName": "Position"
                },
                "repo_hash": "testhash",
                "sym": "test/php/Position",
                "sym_location": {
                    "filepath": "www/TopLevel.php",
                    "range": {
                        "columnBegin": 1,
                        "columnEnd": 2,
                        "lineBegin": 16,
                        "lineEnd": 22
                    },
                    "repository": "test"
                },
                "sym_other_locations": []
            },
            {
                "comments": [],
                "kind": 12,
                "language": 3,
                "location": {
                    "filepath": "www/TopLevel.php",
                    "range": {
                        "columnBegin": 3,
                        "columnEnd": 9,
                        "lineBegin": 18,
                        "lineEnd": 18
                    },
                    "repository": "test"
                },
                "name": {
                    "container": "Position",
                    "localName": "Bottom"
                },
                "repo_hash": "testhash",
                "sym": "test/php/Position/Bottom",
                "sym_location": {
                    "filepath": "www/TopLevel.php",
                    "range": {
                        "columnBegin": 3,
                        "columnEnd": 9,
                        "lineBegin": 18,
                        "lineEnd": 18
                    },
                    "repository": "test"
                },
                "sym_other_locations": []
            },
            {
                "comments": [],
                "kind": 12,
                "language": 3,
                "location": {
                    "filepath": "www/TopLevel.php",
                    "range": {
                        "columnBegin": 3,
                        "columnEnd": 9,
                        "lineBegin": 21,
                        "lineEnd": 21
                    },
                    "repository": "test"
                },
                "name": {
                    "container": "Position",
                    "localName": "Center"
                },
                "repo_hash": "testhash",
                "sym": "test/php/Position/Center",
                "sym_location": {
                    "filepath": "www/TopLevel.php",
                    "range": {
                        "columnBegin": 3,
                        "columnEnd": 9,
                        "lineBegin": 21,
                        "lineEnd": 21
                    },
                    "repository": "test"
                },
                "sym_other_locations": []
            },
            {
                "comments": [],
                "kind": 12,
                "language": 3,
                "location": {
                    "filepath": "www/TopLevel.php",
                    "range": {
                        "columnBegin": 3,
                        "columnEnd": 7,
                        "lineBegin": 19,
                        "lineEnd": 19
                    },
                    "repository": "test"
                },
                "name": {
                    "container": "Position",
                    "localName": "Left"
                },
                "repo_hash": "testhash",
                "sym": "test/php/Position/Left",
                "sym_location": {
                    "filepath": "www/TopLevel.php",
                    "range": {
                        "columnBegin": 3,
                        "columnEnd": 7,
                        "lineBegin": 19,
                        "lineEnd": 19
                    },
                    "repository": "test"
                },
                "sym_other_locations": []
            },
            {
                "comments": [],
                "kind": 12,
                "language": 3,
                "location": {
                    "filepath": "www/TopLevel.php",
                    "range": {
                        "columnBegin": 3,
                        "columnEnd": 8,
                        "lineBegin": 20,
                        "lineEnd": 20
                    },
                    "repository": "test"
                },
                "name": {
                    "container": "Position",
                    "localName": "Right"
                },
                "repo_hash": "testhash",
                "sym": "test/php/Position/Right",
                "sym_location": {
                    "filepath": "www/TopLevel.php",
                    "range": {
                        "columnBegin": 3,
                        "columnEnd": 8,
                        "lineBegin": 20,
                        "lineEnd": 20
                    },
                    "repository": "test"
                },
                "sym_other_locations": []
            },
            {
                "comments": [],
                "kind": 12,
                "language": 3,
                "location": {
                    "filepath": "www/TopLevel.php",
                    "range": {
                        "columnBegin": 3,
                        "columnEnd": 6,
                        "lineBegin": 17,
                        "lineEnd": 17
                    },
                    "repository": "test"
                },
                "name": {
                    "container": "Position",
                    "localName": "Top"
                },
                "repo_hash": "testhash",
                "sym": "test/php/Position/Top",
                "sym_location": {
                    "filepath": "www/TopLevel.php",
                    "range": {
                        "columnBegin": 3,
                        "columnEnd": 6,
                        "lineBegin": 17,
                        "lineEnd": 17
                    },
                    "repository": "test"
                },
                "sym_other_locations": []
            }
        ],
        "symbols": [
            {
                "kind": 12,
                "language": 3,
                "location": {
                    "filepath": "www/TopLevel.php",
                    "range": {
                        "columnBegin": 1,
                        "columnEnd": 2,
                        "lineBegin": 16,
                        "lineEnd": 22
                    },
                    "repository": "test"
                },
                "name": "Position",
                "symbol": "test/php/Position"
            },
            {
                "kind": 12,
                "language": 3,
                "location": {
                    "filepath": "www/TopLevel.php",
                    "range": {
                        "columnBegin": 3,
                        "columnEnd": 9,
                        "lineBegin": 18,
                        "lineEnd": 18
                    },
                    "repository": "test"
                },
                "name": "Bottom",
                "symbol": "test/php/Position/Bottom"
            },
            {
                "kind": 12,
                "language": 3,
                "location": {
                    "filepath": "www/TopLevel.php",
                    "range": {
                        "columnBegin": 3,
                        "columnEnd": 9,
                        "lineBegin": 21,
                        "lineEnd": 21
                    },
                    "repository": "test"
                },
                "name": "Center",
                "symbol": "test/php/Position/Center"
            },
            {
                "kind": 12,
                "language": 3,
                "location": {
                    "filepath": "www/TopLevel.php",
                    "range": {
                        "columnBegin": 3,
                        "columnEnd": 7,
                        "lineBegin": 19,
                        "lineEnd": 19
                    },
                    "repository": "test"
                },
                "name": "Left",
                "symbol": "test/php/Position/Left"
            },
            {
                "kind": 12,
                "language": 3,
                "location": {
                    "filepath": "www/TopLevel.php",
                    "range": {
                        "columnBegin": 3,
                        "columnEnd": 8,
                        "lineBegin": 20,
                        "lineEnd": 20
                    },
                    "repository": "test"
                },
                "name": "Right",
                "symbol": "test/php/Position/Right"
            },
            {
                "kind": 12,
                "language": 3,
                "location": {
                    "filepath": "www/TopLevel.php",
                    "range": {
                        "columnBegin": 3,
                        "columnEnd": 6,
                        "lineBegin": 17,
                        "lineEnd": 17
                    },
                    "repository": "test"
                },
                "name": "Top",
                "symbol": "test/php/Position/Top"
            }
        ]
    }
]