[
  "@generated",
  {
    "key": {
      "name_lowercase": "",
      "kind": 3,
      "ident": { "name": { "key": "" } }
    }
  },
  {
    "key": {
      "name_lowercase": "f",
      "kind": 6,
      "ident": { "name": { "key": "f" } }
    }
  },
  {
    "key": {
      "name_lowercase": "l1",
      "kind": 7,
      "ident": { "name": { "key": "l1" } }
    }
  },
  {
    "key": {
      "name_lowercase": "l2",
      "kind": 7,
      "ident": { "name": { "key": "l2" } }
    }
  },
  {
    "key": {
      "name_lowercase": "m1",
      "kind": 7,
      "ident": { "name": { "key": "m1" } }
    }
  },
  {
    "key": {
      "name_lowercase": "m2",
      "kind": 7,
      "ident": { "name": { "key": "m2" } }
    }
  },
  {
    "key": {
      "name_lowercase": "m3",
      "kind": 7,
      "ident": { "name": { "key": "m3" } }
    }
  },
  {
    "key": {
      "name_lowercase": "m4",
      "kind": 7,
      "ident": { "name": { "key": "m4" } }
    }
  },
  {
    "key": {
      "name_lowercase": "t",
      "kind": 3,
      "ident": { "name": { "key": "T" } }
    }
  },
  {
    "key": {
      "name_lowercase": "t",
      "kind": 7,
      "ident": { "name": { "key": "t" } }
    }
  },
  {
    "key": {
      "name_lowercase": "v1",
      "kind": 7,
      "ident": { "name": { "key": "v1" } }
    }
  },
  {
    "key": {
      "name_lowercase": "v2",
      "kind": 7,
      "ident": { "name": { "key": "v2" } }
    }
  },
  {
    "key": {
      "name_lowercase": "v3",
      "kind": 7,
      "ident": { "name": { "key": "v3" } }
    }
  },
  {
    "key": {
      "name_lowercase": "v4",
      "kind": 7,
      "ident": { "name": { "key": "v4" } }
    }
  },
  {
    "key": {
      "name_lowercase": "x1",
      "kind": 7,
      "ident": { "name": { "key": "x1" } }
    }
  }
]