[
  "@generated",
  {
    "key": {
      "trace": {
        "key": {
          "xmap": {
            "key": {
              "file": { "key": "test.m" },
              "fixed": [
                {
                  "target": {
                    "declaration": {
                      "objcContainer": {
                        "key": {
                          "id": { "interface_": { "key": "J" } },
                          "source": {
                            "file": { "key": "test.m" },
                            "lineBegin": 9,
                            "columnBegin": 1,
                            "lineEnd": 11,
                            "columnEnd": 4
                          }
                        }
                      }
                    }
                  },
                  "ranges": [ { "offset": 305, "length": 1 } ]
                },
                {
                  "target": {
                    "declaration": {
                      "objcMethod": {
                        "key": {
                          "selector": { "key": [ "checkProtocol" ] },
                          "container": { "interface_": { "key": "J" } },
                          "signature": {
                            "key": {
                              "returns": { "key": "void" },
                              "parameters": [
                                {
                                  "name": { "key": "f" },
                                  "type": { "key": "Protocol *" }
                                }
                              ]
                            }
                          },
                          "isInstance": true,
                          "isOptional": false,
                          "isAccessor": false,
                          "source": {
                            "file": { "key": "test.m" },
                            "lineBegin": 10,
                            "columnBegin": 1,
                            "lineEnd": 10,
                            "columnEnd": 36
                          }
                        }
                      }
                    }
                  },
                  "ranges": [ { "offset": 318, "length": 13 } ]
                },
                {
                  "target": {
                    "declaration": {
                      "objcContainer": {
                        "key": {
                          "id": { "protocol": { "key": "Foo" } },
                          "source": {
                            "file": { "key": "test.m" },
                            "lineBegin": 13,
                            "columnBegin": 1,
                            "lineEnd": 14,
                            "columnEnd": 4
                          }
                        }
                      }
                    }
                  },
                  "ranges": [ { "offset": 332, "length": 9 } ]
                }
              ],
              "variable": [ [ { "offset": 255, "length": 8 } ] ]
            }
          },
          "externals": [
            {
              "declaration": {
                "objcContainer": {
                  "key": {
                    "id": { "interface_": { "key": "Protocol" } },
                    "source": {
                      "file": { "key": "<builtin>" },
                      "lineBegin": 1,
                      "columnBegin": 1,
                      "lineEnd": 1,
                      "columnEnd": 1
                    }
                  }
                }
              }
            }
          ]
        }
      },
      "xref": {
        "target": {
          "name": "Foo",
          "file": { "key": "test.m" },
          "location": {
            "range": {
              "file": { "key": "test.m" },
              "lineBegin": 13,
              "columnBegin": 1,
              "lineEnd": 14,
              "columnEnd": 4
            }
          }
        },
        "source": { "span": { "start": 332, "length": 9 } }
      },
      "entity": {
        "cxx": {
          "decl": {
            "objcContainer": {
              "key": {
                "id": { "protocol": { "key": "Foo" } },
                "source": {
                  "file": { "key": "test.m" },
                  "lineBegin": 13,
                  "columnBegin": 1,
                  "lineEnd": 14,
                  "columnEnd": 4
                }
              }
            }
          }
        }
      }
    }
  },
  {
    "key": {
      "trace": {
        "key": {
          "xmap": {
            "key": {
              "file": { "key": "test.m" },
              "fixed": [
                {
                  "target": {
                    "declaration": {
                      "objcContainer": {
                        "key": {
                          "id": { "interface_": { "key": "J" } },
                          "source": {
                            "file": { "key": "test.m" },
                            "lineBegin": 9,
                            "columnBegin": 1,
                            "lineEnd": 11,
                            "columnEnd": 4
                          }
                        }
                      }
                    }
                  },
                  "ranges": [ { "offset": 305, "length": 1 } ]
                },
                {
                  "target": {
                    "declaration": {
                      "objcMethod": {
                        "key": {
                          "selector": { "key": [ "checkProtocol" ] },
                          "container": { "interface_": { "key": "J" } },
                          "signature": {
                            "key": {
                              "returns": { "key": "void" },
                              "parameters": [
                                {
                                  "name": { "key": "f" },
                                  "type": { "key": "Protocol *" }
                                }
                              ]
                            }
                          },
                          "isInstance": true,
                          "isOptional": false,
                          "isAccessor": false,
                          "source": {
                            "file": { "key": "test.m" },
                            "lineBegin": 10,
                            "columnBegin": 1,
                            "lineEnd": 10,
                            "columnEnd": 36
                          }
                        }
                      }
                    }
                  },
                  "ranges": [ { "offset": 318, "length": 13 } ]
                },
                {
                  "target": {
                    "declaration": {
                      "objcContainer": {
                        "key": {
                          "id": { "protocol": { "key": "Foo" } },
                          "source": {
                            "file": { "key": "test.m" },
                            "lineBegin": 13,
                            "columnBegin": 1,
                            "lineEnd": 14,
                            "columnEnd": 4
                          }
                        }
                      }
                    }
                  },
                  "ranges": [ { "offset": 332, "length": 9 } ]
                }
              ],
              "variable": [ [ { "offset": 255, "length": 8 } ] ]
            }
          },
          "externals": [
            {
              "declaration": {
                "objcContainer": {
                  "key": {
                    "id": { "interface_": { "key": "Protocol" } },
                    "source": {
                      "file": { "key": "<builtin>" },
                      "lineBegin": 1,
                      "columnBegin": 1,
                      "lineEnd": 1,
                      "columnEnd": 1
                    }
                  }
                }
              }
            }
          ]
        }
      },
      "xref": {
        "target": {
          "name": "J",
          "file": { "key": "test.m" },
          "location": {
            "range": {
              "file": { "key": "test.m" },
              "lineBegin": 9,
              "columnBegin": 1,
              "lineEnd": 11,
              "columnEnd": 4
            }
          }
        },
        "source": { "span": { "start": 305, "length": 1 } }
      },
      "entity": {
        "cxx": {
          "decl": {
            "objcContainer": {
              "key": {
                "id": { "interface_": { "key": "J" } },
                "source": {
                  "file": { "key": "test.m" },
                  "lineBegin": 9,
                  "columnBegin": 1,
                  "lineEnd": 11,
                  "columnEnd": 4
                }
              }
            }
          }
        }
      }
    }
  },
  {
    "key": {
      "trace": {
        "key": {
          "xmap": {
            "key": {
              "file": { "key": "test.m" },
              "fixed": [
                {
                  "target": {
                    "declaration": {
                      "objcContainer": {
                        "key": {
                          "id": { "interface_": { "key": "J" } },
                          "source": {
                            "file": { "key": "test.m" },
                            "lineBegin": 9,
                            "columnBegin": 1,
                            "lineEnd": 11,
                            "columnEnd": 4
                          }
                        }
                      }
                    }
                  },
                  "ranges": [ { "offset": 305, "length": 1 } ]
                },
                {
                  "target": {
                    "declaration": {
                      "objcMethod": {
                        "key": {
                          "selector": { "key": [ "checkProtocol" ] },
                          "container": { "interface_": { "key": "J" } },
                          "signature": {
                            "key": {
                              "returns": { "key": "void" },
                              "parameters": [
                                {
                                  "name": { "key": "f" },
                                  "type": { "key": "Protocol *" }
                                }
                              ]
                            }
                          },
                          "isInstance": true,
                          "isOptional": false,
                          "isAccessor": false,
                          "source": {
                            "file": { "key": "test.m" },
                            "lineBegin": 10,
                            "columnBegin": 1,
                            "lineEnd": 10,
                            "columnEnd": 36
                          }
                        }
                      }
                    }
                  },
                  "ranges": [ { "offset": 318, "length": 13 } ]
                },
                {
                  "target": {
                    "declaration": {
                      "objcContainer": {
                        "key": {
                          "id": { "protocol": { "key": "Foo" } },
                          "source": {
                            "file": { "key": "test.m" },
                            "lineBegin": 13,
                            "columnBegin": 1,
                            "lineEnd": 14,
                            "columnEnd": 4
                          }
                        }
                      }
                    }
                  },
                  "ranges": [ { "offset": 332, "length": 9 } ]
                }
              ],
              "variable": [ [ { "offset": 255, "length": 8 } ] ]
            }
          },
          "externals": [
            {
              "declaration": {
                "objcContainer": {
                  "key": {
                    "id": { "interface_": { "key": "Protocol" } },
                    "source": {
                      "file": { "key": "<builtin>" },
                      "lineBegin": 1,
                      "columnBegin": 1,
                      "lineEnd": 1,
                      "columnEnd": 1
                    }
                  }
                }
              }
            }
          ]
        }
      },
      "xref": {
        "target": {
          "name": "checkProtocol",
          "file": { "key": "test.m" },
          "location": {
            "range": {
              "file": { "key": "test.m" },
              "lineBegin": 10,
              "columnBegin": 1,
              "lineEnd": 10,
              "columnEnd": 36
            }
          }
        },
        "source": { "span": { "start": 318, "length": 13 } }
      },
      "entity": {
        "cxx": {
          "decl": {
            "objcMethod": {
              "key": {
                "selector": { "key": [ "checkProtocol" ] },
                "container": { "interface_": { "key": "J" } },
                "signature": {
                  "key": {
                    "returns": { "key": "void" },
                    "parameters": [
                      {
                        "name": { "key": "f" },
                        "type": { "key": "Protocol *" }
                      }
                    ]
                  }
                },
                "isInstance": true,
                "isOptional": false,
                "isAccessor": false,
                "source": {
                  "file": { "key": "test.m" },
                  "lineBegin": 10,
                  "columnBegin": 1,
                  "lineEnd": 10,
                  "columnEnd": 36
                }
              }
            }
          }
        }
      }
    }
  }
]