[
  "@generated",
  {
    "key": {
      "file": { "key": "test.cpp" },
      "location": {
        "name": "A",
        "file": { "key": "test.cpp" },
        "location": {
          "range": {
            "file": { "key": "test.cpp" },
            "lineBegin": 39,
            "columnBegin": 1,
            "lineEnd": 39,
            "columnEnd": 11
          }
        }
      },
      "entity": {
        "cxx": {
          "decl": {
            "usingDeclaration": {
              "key": {
                "name": {
                  "key": {
                    "name": { "key": { "name": { "key": "A" } } },
                    "scope": {
                      "namespace_": { "key": { "name": { "key": "N1" } } }
                    }
                  }
                },
                "source": {
                  "file": { "key": "test.cpp" },
                  "lineBegin": 39,
                  "columnBegin": 1,
                  "lineEnd": 39,
                  "columnEnd": 11
                }
              }
            }
          }
        }
      }
    }
  },
  {
    "key": {
      "file": { "key": "test.cpp" },
      "location": {
        "name": "A",
        "file": { "key": "test.cpp" },
        "location": {
          "range": {
            "file": { "key": "test.cpp" },
            "lineBegin": 51,
            "columnBegin": 1,
            "lineEnd": 51,
            "columnEnd": 11
          }
        }
      },
      "entity": {
        "cxx": {
          "decl": {
            "usingDeclaration": {
              "key": {
                "name": {
                  "key": {
                    "name": { "key": { "name": { "key": "A" } } },
                    "scope": {
                      "namespace_": { "key": { "name": { "key": "N1" } } }
                    }
                  }
                },
                "source": {
                  "file": { "key": "test.cpp" },
                  "lineBegin": 51,
                  "columnBegin": 1,
                  "lineEnd": 51,
                  "columnEnd": 11
                }
              }
            }
          }
        }
      }
    }
  },
  {
    "key": {
      "file": { "key": "test.cpp" },
      "location": {
        "name": "E",
        "file": { "key": "test.cpp" },
        "location": {
          "range": {
            "file": { "key": "test.cpp" },
            "lineBegin": 11,
            "columnBegin": 1,
            "lineEnd": 11,
            "columnEnd": 18
          }
        }
      },
      "entity": {
        "cxx": {
          "defn": {
            "enum_": {
              "key": {
                "declaration": {
                  "key": {
                    "name": {
                      "key": {
                        "name": { "key": "E" },
                        "scope": {
                          "namespace_": { "key": { "name": { "key": "N1" } } }
                        }
                      }
                    },
                    "isScoped": false,
                    "source": {
                      "file": { "key": "test.cpp" },
                      "lineBegin": 11,
                      "columnBegin": 1,
                      "lineEnd": 11,
                      "columnEnd": 18
                    }
                  }
                },
                "enumerators": [
                  {
                    "key": {
                      "name": { "key": "A" },
                      "enumeration": {
                        "key": {
                          "name": {
                            "key": {
                              "name": { "key": "E" },
                              "scope": {
                                "namespace_": {
                                  "key": { "name": { "key": "N1" } }
                                }
                              }
                            }
                          },
                          "isScoped": false,
                          "source": {
                            "file": { "key": "test.cpp" },
                            "lineBegin": 11,
                            "columnBegin": 1,
                            "lineEnd": 11,
                            "columnEnd": 18
                          }
                        }
                      },
                      "source": {
                        "file": { "key": "test.cpp" },
                        "lineBegin": 11,
                        "columnBegin": 10,
                        "lineEnd": 11,
                        "columnEnd": 10
                      }
                    }
                  },
                  {
                    "key": {
                      "name": { "key": "B" },
                      "enumeration": {
                        "key": {
                          "name": {
                            "key": {
                              "name": { "key": "E" },
                              "scope": {
                                "namespace_": {
                                  "key": { "name": { "key": "N1" } }
                                }
                              }
                            }
                          },
                          "isScoped": false,
                          "source": {
                            "file": { "key": "test.cpp" },
                            "lineBegin": 11,
                            "columnBegin": 1,
                            "lineEnd": 11,
                            "columnEnd": 18
                          }
                        }
                      },
                      "source": {
                        "file": { "key": "test.cpp" },
                        "lineBegin": 11,
                        "columnBegin": 13,
                        "lineEnd": 11,
                        "columnEnd": 13
                      }
                    }
                  },
                  {
                    "key": {
                      "name": { "key": "C" },
                      "enumeration": {
                        "key": {
                          "name": {
                            "key": {
                              "name": { "key": "E" },
                              "scope": {
                                "namespace_": {
                                  "key": { "name": { "key": "N1" } }
                                }
                              }
                            }
                          },
                          "isScoped": false,
                          "source": {
                            "file": { "key": "test.cpp" },
                            "lineBegin": 11,
                            "columnBegin": 1,
                            "lineEnd": 11,
                            "columnEnd": 18
                          }
                        }
                      },
                      "source": {
                        "file": { "key": "test.cpp" },
                        "lineBegin": 11,
                        "columnBegin": 16,
                        "lineEnd": 11,
                        "columnEnd": 16
                      }
                    }
                  }
                ]
              }
            }
          }
        }
      }
    }
  },
  {
    "key": {
      "file": { "key": "test.cpp" },
      "location": {
        "name": "E",
        "file": { "key": "test.cpp" },
        "location": {
          "range": {
            "file": { "key": "test.cpp" },
            "lineBegin": 18,
            "columnBegin": 1,
            "lineEnd": 18,
            "columnEnd": 11
          }
        }
      },
      "entity": {
        "cxx": {
          "decl": {
            "usingDeclaration": {
              "key": {
                "name": {
                  "key": {
                    "name": { "key": { "name": { "key": "E" } } },
                    "scope": {
                      "namespace_": { "key": { "name": { "key": "N1" } } }
                    }
                  }
                },
                "source": {
                  "file": { "key": "test.cpp" },
                  "lineBegin": 18,
                  "columnBegin": 1,
                  "lineEnd": 18,
                  "columnEnd": 11
                }
              }
            }
          }
        }
      }
    }
  },
  {
    "key": {
      "file": { "key": "test.cpp" },
      "location": {
        "name": "E",
        "file": { "key": "test.cpp" },
        "location": {
          "range": {
            "file": { "key": "test.cpp" },
            "lineBegin": 28,
            "columnBegin": 1,
            "lineEnd": 28,
            "columnEnd": 11
          }
        }
      },
      "entity": {
        "cxx": {
          "decl": {
            "usingDeclaration": {
              "key": {
                "name": {
                  "key": {
                    "name": { "key": { "name": { "key": "E" } } },
                    "scope": {
                      "namespace_": { "key": { "name": { "key": "N1" } } }
                    }
                  }
                },
                "source": {
                  "file": { "key": "test.cpp" },
                  "lineBegin": 28,
                  "columnBegin": 1,
                  "lineEnd": 28,
                  "columnEnd": 11
                }
              }
            }
          }
        }
      }
    }
  },
  {
    "key": {
      "file": { "key": "test.cpp" },
      "location": {
        "name": "E",
        "file": { "key": "test.cpp" },
        "location": {
          "range": {
            "file": { "key": "test.cpp" },
            "lineBegin": 40,
            "columnBegin": 1,
            "lineEnd": 40,
            "columnEnd": 11
          }
        }
      },
      "entity": {
        "cxx": {
          "decl": {
            "usingDeclaration": {
              "key": {
                "name": {
                  "key": {
                    "name": { "key": { "name": { "key": "E" } } },
                    "scope": {
                      "namespace_": { "key": { "name": { "key": "N1" } } }
                    }
                  }
                },
                "source": {
                  "file": { "key": "test.cpp" },
                  "lineBegin": 40,
                  "columnBegin": 1,
                  "lineEnd": 40,
                  "columnEnd": 11
                }
              }
            }
          }
        }
      }
    }
  },
  {
    "key": {
      "file": { "key": "test.cpp" },
      "location": {
        "name": "E",
        "file": { "key": "test.cpp" },
        "location": {
          "range": {
            "file": { "key": "test.cpp" },
            "lineBegin": 50,
            "columnBegin": 1,
            "lineEnd": 50,
            "columnEnd": 11
          }
        }
      },
      "entity": {
        "cxx": {
          "decl": {
            "usingDeclaration": {
              "key": {
                "name": {
                  "key": {
                    "name": { "key": { "name": { "key": "E" } } },
                    "scope": {
                      "namespace_": { "key": { "name": { "key": "N1" } } }
                    }
                  }
                },
                "source": {
                  "file": { "key": "test.cpp" },
                  "lineBegin": 50,
                  "columnBegin": 1,
                  "lineEnd": 50,
                  "columnEnd": 11
                }
              }
            }
          }
        }
      }
    }
  },
  {
    "key": {
      "file": { "key": "test.cpp" },
      "location": {
        "name": "E",
        "file": { "key": "test.cpp" },
        "location": {
          "range": {
            "file": { "key": "test.cpp" },
            "lineBegin": 62,
            "columnBegin": 1,
            "lineEnd": 62,
            "columnEnd": 11
          }
        }
      },
      "entity": {
        "cxx": {
          "decl": {
            "usingDeclaration": {
              "key": {
                "name": {
                  "key": {
                    "name": { "key": { "name": { "key": "E" } } },
                    "scope": {
                      "namespace_": { "key": { "name": { "key": "N1" } } }
                    }
                  }
                },
                "source": {
                  "file": { "key": "test.cpp" },
                  "lineBegin": 62,
                  "columnBegin": 1,
                  "lineEnd": 62,
                  "columnEnd": 11
                }
              }
            }
          }
        }
      }
    }
  },
  {
    "key": {
      "file": { "key": "test.cpp" },
      "location": {
        "name": "E",
        "file": { "key": "test.cpp" },
        "location": {
          "range": {
            "file": { "key": "test.cpp" },
            "lineBegin": 72,
            "columnBegin": 1,
            "lineEnd": 72,
            "columnEnd": 11
          }
        }
      },
      "entity": {
        "cxx": {
          "decl": {
            "usingDeclaration": {
              "key": {
                "name": {
                  "key": {
                    "name": { "key": { "name": { "key": "E" } } },
                    "scope": {
                      "namespace_": { "key": { "name": { "key": "N1" } } }
                    }
                  }
                },
                "source": {
                  "file": { "key": "test.cpp" },
                  "lineBegin": 72,
                  "columnBegin": 1,
                  "lineEnd": 72,
                  "columnEnd": 11
                }
              }
            }
          }
        }
      }
    }
  },
  {
    "key": {
      "file": { "key": "test.cpp" },
      "location": {
        "name": "N1",
        "file": { "key": "test.cpp" },
        "location": {
          "range": {
            "file": { "key": "test.cpp" },
            "lineBegin": 9,
            "columnBegin": 1,
            "lineEnd": 13,
            "columnEnd": 1
          }
        }
      },
      "entity": {
        "cxx": {
          "defn": {
            "namespace_": {
              "key": {
                "declaration": {
                  "key": {
                    "name": { "key": { "name": { "key": "N1" } } },
                    "source": {
                      "file": { "key": "test.cpp" },
                      "lineBegin": 9,
                      "columnBegin": 1,
                      "lineEnd": 13,
                      "columnEnd": 1
                    }
                  }
                },
                "members": { "key": [ ] }
              }
            }
          }
        }
      }
    }
  },
  {
    "key": {
      "file": { "key": "test.cpp" },
      "location": {
        "name": "N1",
        "file": { "key": "test.cpp" },
        "location": {
          "range": {
            "file": { "key": "test.cpp" },
            "lineBegin": 17,
            "columnBegin": 1,
            "lineEnd": 17,
            "columnEnd": 18
          }
        }
      },
      "entity": {
        "cxx": {
          "decl": {
            "usingDirective": {
              "key": {
                "name": {
                  "key": {
                    "name": { "key": "N1" },
                    "scope": { "global_": { } }
                  }
                },
                "source": {
                  "file": { "key": "test.cpp" },
                  "lineBegin": 17,
                  "columnBegin": 1,
                  "lineEnd": 17,
                  "columnEnd": 18
                }
              }
            }
          }
        }
      }
    }
  },
  {
    "key": {
      "file": { "key": "test.cpp" },
      "location": {
        "name": "N1",
        "file": { "key": "test.cpp" },
        "location": {
          "range": {
            "file": { "key": "test.cpp" },
            "lineBegin": 29,
            "columnBegin": 1,
            "lineEnd": 29,
            "columnEnd": 18
          }
        }
      },
      "entity": {
        "cxx": {
          "decl": {
            "usingDirective": {
              "key": {
                "name": {
                  "key": {
                    "name": { "key": "N1" },
                    "scope": { "global_": { } }
                  }
                },
                "source": {
                  "file": { "key": "test.cpp" },
                  "lineBegin": 29,
                  "columnBegin": 1,
                  "lineEnd": 29,
                  "columnEnd": 18
                }
              }
            }
          }
        }
      }
    }
  },
  {
    "key": {
      "file": { "key": "test.cpp" },
      "location": {
        "name": "N21",
        "file": { "key": "test.cpp" },
        "location": {
          "range": {
            "file": { "key": "test.cpp" },
            "lineBegin": 15,
            "columnBegin": 1,
            "lineEnd": 24,
            "columnEnd": 1
          }
        }
      },
      "entity": {
        "cxx": {
          "defn": {
            "namespace_": {
              "key": {
                "declaration": {
                  "key": {
                    "name": { "key": { "name": { "key": "N21" } } },
                    "source": {
                      "file": { "key": "test.cpp" },
                      "lineBegin": 15,
                      "columnBegin": 1,
                      "lineEnd": 24,
                      "columnEnd": 1
                    }
                  }
                },
                "members": { "key": [ ] }
              }
            }
          }
        }
      }
    }
  },
  {
    "key": {
      "file": { "key": "test.cpp" },
      "location": {
        "name": "N21",
        "file": { "key": "test.cpp" },
        "location": {
          "range": {
            "file": { "key": "test.cpp" },
            "lineBegin": 61,
            "columnBegin": 1,
            "lineEnd": 61,
            "columnEnd": 19
          }
        }
      },
      "entity": {
        "cxx": {
          "decl": {
            "usingDirective": {
              "key": {
                "name": {
                  "key": {
                    "name": { "key": "N21" },
                    "scope": { "global_": { } }
                  }
                },
                "source": {
                  "file": { "key": "test.cpp" },
                  "lineBegin": 61,
                  "columnBegin": 1,
                  "lineEnd": 61,
                  "columnEnd": 19
                }
              }
            }
          }
        }
      }
    }
  },
  {
    "key": {
      "file": { "key": "test.cpp" },
      "location": {
        "name": "N22",
        "file": { "key": "test.cpp" },
        "location": {
          "range": {
            "file": { "key": "test.cpp" },
            "lineBegin": 26,
            "columnBegin": 1,
            "lineEnd": 35,
            "columnEnd": 1
          }
        }
      },
      "entity": {
        "cxx": {
          "defn": {
            "namespace_": {
              "key": {
                "declaration": {
                  "key": {
                    "name": { "key": { "name": { "key": "N22" } } },
                    "source": {
                      "file": { "key": "test.cpp" },
                      "lineBegin": 26,
                      "columnBegin": 1,
                      "lineEnd": 35,
                      "columnEnd": 1
                    }
                  }
                },
                "members": { "key": [ ] }
              }
            }
          }
        }
      }
    }
  },
  {
    "key": {
      "file": { "key": "test.cpp" },
      "location": {
        "name": "N22",
        "file": { "key": "test.cpp" },
        "location": {
          "range": {
            "file": { "key": "test.cpp" },
            "lineBegin": 73,
            "columnBegin": 1,
            "lineEnd": 73,
            "columnEnd": 19
          }
        }
      },
      "entity": {
        "cxx": {
          "decl": {
            "usingDirective": {
              "key": {
                "name": {
                  "key": {
                    "name": { "key": "N22" },
                    "scope": { "global_": { } }
                  }
                },
                "source": {
                  "file": { "key": "test.cpp" },
                  "lineBegin": 73,
                  "columnBegin": 1,
                  "lineEnd": 73,
                  "columnEnd": 19
                }
              }
            }
          }
        }
      }
    }
  },
  {
    "key": {
      "file": { "key": "test.cpp" },
      "location": {
        "name": "N31",
        "file": { "key": "test.cpp" },
        "location": {
          "range": {
            "file": { "key": "test.cpp" },
            "lineBegin": 37,
            "columnBegin": 1,
            "lineEnd": 46,
            "columnEnd": 1
          }
        }
      },
      "entity": {
        "cxx": {
          "defn": {
            "namespace_": {
              "key": {
                "declaration": {
                  "key": {
                    "name": { "key": { "name": { "key": "N31" } } },
                    "source": {
                      "file": { "key": "test.cpp" },
                      "lineBegin": 37,
                      "columnBegin": 1,
                      "lineEnd": 46,
                      "columnEnd": 1
                    }
                  }
                },
                "members": { "key": [ ] }
              }
            }
          }
        }
      }
    }
  },
  {
    "key": {
      "file": { "key": "test.cpp" },
      "location": {
        "name": "N32",
        "file": { "key": "test.cpp" },
        "location": {
          "range": {
            "file": { "key": "test.cpp" },
            "lineBegin": 48,
            "columnBegin": 1,
            "lineEnd": 57,
            "columnEnd": 1
          }
        }
      },
      "entity": {
        "cxx": {
          "defn": {
            "namespace_": {
              "key": {
                "declaration": {
                  "key": {
                    "name": { "key": { "name": { "key": "N32" } } },
                    "source": {
                      "file": { "key": "test.cpp" },
                      "lineBegin": 48,
                      "columnBegin": 1,
                      "lineEnd": 57,
                      "columnEnd": 1
                    }
                  }
                },
                "members": { "key": [ ] }
              }
            }
          }
        }
      }
    }
  },
  {
    "key": {
      "file": { "key": "test.cpp" },
      "location": {
        "name": "N41",
        "file": { "key": "test.cpp" },
        "location": {
          "range": {
            "file": { "key": "test.cpp" },
            "lineBegin": 59,
            "columnBegin": 1,
            "lineEnd": 68,
            "columnEnd": 1
          }
        }
      },
      "entity": {
        "cxx": {
          "defn": {
            "namespace_": {
              "key": {
                "declaration": {
                  "key": {
                    "name": { "key": { "name": { "key": "N41" } } },
                    "source": {
                      "file": { "key": "test.cpp" },
                      "lineBegin": 59,
                      "columnBegin": 1,
                      "lineEnd": 68,
                      "columnEnd": 1
                    }
                  }
                },
                "members": { "key": [ ] }
              }
            }
          }
        }
      }
    }
  },
  {
    "key": {
      "file": { "key": "test.cpp" },
      "location": {
        "name": "N42",
        "file": { "key": "test.cpp" },
        "location": {
          "range": {
            "file": { "key": "test.cpp" },
            "lineBegin": 70,
            "columnBegin": 1,
            "lineEnd": 79,
            "columnEnd": 1
          }
        }
      },
      "entity": {
        "cxx": {
          "defn": {
            "namespace_": {
              "key": {
                "declaration": {
                  "key": {
                    "name": { "key": { "name": { "key": "N42" } } },
                    "source": {
                      "file": { "key": "test.cpp" },
                      "lineBegin": 70,
                      "columnBegin": 1,
                      "lineEnd": 79,
                      "columnEnd": 1
                    }
                  }
                },
                "members": { "key": [ ] }
              }
            }
          }
        }
      }
    }
  },
  {
    "key": {
      "file": { "key": "test.cpp" },
      "location": {
        "name": "bar",
        "file": { "key": "test.cpp" },
        "location": {
          "range": {
            "file": { "key": "test.cpp" },
            "lineBegin": 64,
            "columnBegin": 1,
            "lineEnd": 66,
            "columnEnd": 1
          }
        }
      },
      "entity": {
        "cxx": {
          "defn": {
            "function_": {
              "key": {
                "declaration": {
                  "key": {
                    "name": {
                      "key": {
                        "name": { "key": { "name": { "key": "bar" } } },
                        "scope": {
                          "namespace_": { "key": { "name": { "key": "N41" } } }
                        }
                      }
                    },
                    "signature": {
                      "key": { "returns": { "key": "void" }, "parameters": [ ] }
                    },
                    "source": {
                      "file": { "key": "test.cpp" },
                      "lineBegin": 64,
                      "columnBegin": 1,
                      "lineEnd": 66,
                      "columnEnd": 1
                    }
                  }
                },
                "isInline": false
              }
            }
          }
        }
      }
    }
  },
  {
    "key": {
      "file": { "key": "test.cpp" },
      "location": {
        "name": "bar",
        "file": { "key": "test.cpp" },
        "location": {
          "range": {
            "file": { "key": "test.cpp" },
            "lineBegin": 75,
            "columnBegin": 1,
            "lineEnd": 77,
            "columnEnd": 1
          }
        }
      },
      "entity": {
        "cxx": {
          "defn": {
            "function_": {
              "key": {
                "declaration": {
                  "key": {
                    "name": {
                      "key": {
                        "name": { "key": { "name": { "key": "bar" } } },
                        "scope": {
                          "namespace_": { "key": { "name": { "key": "N42" } } }
                        }
                      }
                    },
                    "signature": {
                      "key": { "returns": { "key": "void" }, "parameters": [ ] }
                    },
                    "source": {
                      "file": { "key": "test.cpp" },
                      "lineBegin": 75,
                      "columnBegin": 1,
                      "lineEnd": 77,
                      "columnEnd": 1
                    }
                  }
                },
                "isInline": false
              }
            }
          }
        }
      }
    }
  },
  {
    "key": {
      "file": { "key": "test.cpp" },
      "location": {
        "name": "foo",
        "file": { "key": "test.cpp" },
        "location": {
          "range": {
            "file": { "key": "test.cpp" },
            "lineBegin": 20,
            "columnBegin": 1,
            "lineEnd": 22,
            "columnEnd": 1
          }
        }
      },
      "entity": {
        "cxx": {
          "defn": {
            "function_": {
              "key": {
                "declaration": {
                  "key": {
                    "name": {
                      "key": {
                        "name": { "key": { "name": { "key": "foo" } } },
                        "scope": {
                          "namespace_": { "key": { "name": { "key": "N21" } } }
                        }
                      }
                    },
                    "signature": {
                      "key": { "returns": { "key": "void" }, "parameters": [ ] }
                    },
                    "source": {
                      "file": { "key": "test.cpp" },
                      "lineBegin": 20,
                      "columnBegin": 1,
                      "lineEnd": 22,
                      "columnEnd": 1
                    }
                  }
                },
                "isInline": false
              }
            }
          }
        }
      }
    }
  },
  {
    "key": {
      "file": { "key": "test.cpp" },
      "location": {
        "name": "foo",
        "file": { "key": "test.cpp" },
        "location": {
          "range": {
            "file": { "key": "test.cpp" },
            "lineBegin": 31,
            "columnBegin": 1,
            "lineEnd": 33,
            "columnEnd": 1
          }
        }
      },
      "entity": {
        "cxx": {
          "defn": {
            "function_": {
              "key": {
                "declaration": {
                  "key": {
                    "name": {
                      "key": {
                        "name": { "key": { "name": { "key": "foo" } } },
                        "scope": {
                          "namespace_": { "key": { "name": { "key": "N22" } } }
                        }
                      }
                    },
                    "signature": {
                      "key": { "returns": { "key": "void" }, "parameters": [ ] }
                    },
                    "source": {
                      "file": { "key": "test.cpp" },
                      "lineBegin": 31,
                      "columnBegin": 1,
                      "lineEnd": 33,
                      "columnEnd": 1
                    }
                  }
                },
                "isInline": false
              }
            }
          }
        }
      }
    }
  },
  {
    "key": {
      "file": { "key": "test.cpp" },
      "location": {
        "name": "foo",
        "file": { "key": "test.cpp" },
        "location": {
          "range": {
            "file": { "key": "test.cpp" },
            "lineBegin": 42,
            "columnBegin": 1,
            "lineEnd": 44,
            "columnEnd": 1
          }
        }
      },
      "entity": {
        "cxx": {
          "defn": {
            "function_": {
              "key": {
                "declaration": {
                  "key": {
                    "name": {
                      "key": {
                        "name": { "key": { "name": { "key": "foo" } } },
                        "scope": {
                          "namespace_": { "key": { "name": { "key": "N31" } } }
                        }
                      }
                    },
                    "signature": {
                      "key": { "returns": { "key": "void" }, "parameters": [ ] }
                    },
                    "source": {
                      "file": { "key": "test.cpp" },
                      "lineBegin": 42,
                      "columnBegin": 1,
                      "lineEnd": 44,
                      "columnEnd": 1
                    }
                  }
                },
                "isInline": false
              }
            }
          }
        }
      }
    }
  },
  {
    "key": {
      "file": { "key": "test.cpp" },
      "location": {
        "name": "foo",
        "file": { "key": "test.cpp" },
        "location": {
          "range": {
            "file": { "key": "test.cpp" },
            "lineBegin": 53,
            "columnBegin": 1,
            "lineEnd": 55,
            "columnEnd": 1
          }
        }
      },
      "entity": {
        "cxx": {
          "defn": {
            "function_": {
              "key": {
                "declaration": {
                  "key": {
                    "name": {
                      "key": {
                        "name": { "key": { "name": { "key": "foo" } } },
                        "scope": {
                          "namespace_": { "key": { "name": { "key": "N32" } } }
                        }
                      }
                    },
                    "signature": {
                      "key": { "returns": { "key": "void" }, "parameters": [ ] }
                    },
                    "source": {
                      "file": { "key": "test.cpp" },
                      "lineBegin": 53,
                      "columnBegin": 1,
                      "lineEnd": 55,
                      "columnEnd": 1
                    }
                  }
                },
                "isInline": false
              }
            }
          }
        }
      }
    }
  }
]