[
  "@generated",
  {
    "key": {
      "file": { "key": "test.cpp" },
      "location": {
        "name": "N1",
        "file": { "key": "test.cpp" },
        "location": {
          "range": {
            "file": { "key": "test.cpp" },
            "lineBegin": 1,
            "columnBegin": 1,
            "lineEnd": 1,
            "columnEnd": 31
          }
        }
      },
      "entity": {
        "cxx": {
          "decl": {
            "namespace_": {
              "key": {
                "name": { "key": { "name": { "key": "N1" } } },
                "source": {
                  "file": { "key": "test.cpp" },
                  "lineBegin": 1,
                  "columnBegin": 1,
                  "lineEnd": 1,
                  "columnEnd": 31
                }
              }
            }
          }
        }
      }
    }
  },
  {
    "key": {
      "file": { "key": "test.cpp" },
      "location": {
        "name": "N1",
        "file": { "key": "test.cpp" },
        "location": {
          "range": {
            "file": { "key": "test.cpp" },
            "lineBegin": 3,
            "columnBegin": 1,
            "lineEnd": 8,
            "columnEnd": 1
          }
        }
      },
      "entity": {
        "cxx": {
          "decl": {
            "namespace_": {
              "key": {
                "name": { "key": { "name": { "key": "N1" } } },
                "source": {
                  "file": { "key": "test.cpp" },
                  "lineBegin": 3,
                  "columnBegin": 1,
                  "lineEnd": 8,
                  "columnEnd": 1
                }
              }
            }
          }
        }
      }
    }
  },
  {
    "key": {
      "file": { "key": "test.cpp" },
      "location": {
        "name": "N1",
        "file": { "key": "test.cpp" },
        "location": {
          "range": {
            "file": { "key": "test.cpp" },
            "lineBegin": 10,
            "columnBegin": 1,
            "lineEnd": 16,
            "columnEnd": 1
          }
        }
      },
      "entity": {
        "cxx": {
          "decl": {
            "namespace_": {
              "key": {
                "name": { "key": { "name": { "key": "N1" } } },
                "source": {
                  "file": { "key": "test.cpp" },
                  "lineBegin": 10,
                  "columnBegin": 1,
                  "lineEnd": 16,
                  "columnEnd": 1
                }
              }
            }
          }
        }
      }
    }
  },
  {
    "key": {
      "file": { "key": "test.cpp" },
      "location": {
        "name": "N1",
        "file": { "key": "test.cpp" },
        "location": {
          "range": {
            "file": { "key": "test.cpp" },
            "lineBegin": 18,
            "columnBegin": 1,
            "lineEnd": 21,
            "columnEnd": 1
          }
        }
      },
      "entity": {
        "cxx": {
          "decl": {
            "namespace_": {
              "key": {
                "name": { "key": { "name": { "key": "N1" } } },
                "source": {
                  "file": { "key": "test.cpp" },
                  "lineBegin": 18,
                  "columnBegin": 1,
                  "lineEnd": 21,
                  "columnEnd": 1
                }
              }
            }
          }
        }
      }
    }
  },
  {
    "key": {
      "file": { "key": "test.cpp" },
      "location": {
        "name": "N2",
        "file": { "key": "test.cpp" },
        "location": {
          "range": {
            "file": { "key": "test.cpp" },
            "lineBegin": 4,
            "columnBegin": 1,
            "lineEnd": 7,
            "columnEnd": 1
          }
        }
      },
      "entity": {
        "cxx": {
          "decl": {
            "namespace_": {
              "key": {
                "name": {
                  "key": {
                    "name": { "key": "N2" },
                    "parent": { "key": { "name": { "key": "N1" } } }
                  }
                },
                "source": {
                  "file": { "key": "test.cpp" },
                  "lineBegin": 4,
                  "columnBegin": 1,
                  "lineEnd": 7,
                  "columnEnd": 1
                }
              }
            }
          }
        }
      }
    }
  },
  {
    "key": {
      "file": { "key": "test.cpp" },
      "location": {
        "name": "N2",
        "file": { "key": "test.cpp" },
        "location": {
          "range": {
            "file": { "key": "test.cpp" },
            "lineBegin": 11,
            "columnBegin": 1,
            "lineEnd": 15,
            "columnEnd": 1
          }
        }
      },
      "entity": {
        "cxx": {
          "decl": {
            "namespace_": {
              "key": {
                "name": {
                  "key": {
                    "name": { "key": "N2" },
                    "parent": { "key": { "name": { "key": "N1" } } }
                  }
                },
                "source": {
                  "file": { "key": "test.cpp" },
                  "lineBegin": 11,
                  "columnBegin": 1,
                  "lineEnd": 15,
                  "columnEnd": 1
                }
              }
            }
          }
        }
      }
    }
  },
  {
    "key": {
      "file": { "key": "test.cpp" },
      "location": {
        "name": "N3",
        "file": { "key": "test.cpp" },
        "location": {
          "range": {
            "file": { "key": "test.cpp" },
            "lineBegin": 5,
            "columnBegin": 1,
            "lineEnd": 6,
            "columnEnd": 1
          }
        }
      },
      "entity": {
        "cxx": {
          "decl": {
            "namespace_": {
              "key": {
                "name": {
                  "key": {
                    "name": { "key": "N3" },
                    "parent": {
                      "key": {
                        "name": { "key": "N2" },
                        "parent": { "key": { "name": { "key": "N1" } } }
                      }
                    }
                  }
                },
                "source": {
                  "file": { "key": "test.cpp" },
                  "lineBegin": 5,
                  "columnBegin": 1,
                  "lineEnd": 6,
                  "columnEnd": 1
                }
              }
            }
          }
        }
      }
    }
  },
  {
    "key": {
      "file": { "key": "test.cpp" },
      "location": {
        "name": "N3",
        "file": { "key": "test.cpp" },
        "location": {
          "range": {
            "file": { "key": "test.cpp" },
            "lineBegin": 12,
            "columnBegin": 1,
            "lineEnd": 14,
            "columnEnd": 1
          }
        }
      },
      "entity": {
        "cxx": {
          "decl": {
            "namespace_": {
              "key": {
                "name": {
                  "key": {
                    "name": { "key": "N3" },
                    "parent": {
                      "key": {
                        "name": { "key": "N2" },
                        "parent": { "key": { "name": { "key": "N1" } } }
                      }
                    }
                  }
                },
                "source": {
                  "file": { "key": "test.cpp" },
                  "lineBegin": 12,
                  "columnBegin": 1,
                  "lineEnd": 14,
                  "columnEnd": 1
                }
              }
            }
          }
        }
      }
    }
  },
  {
    "key": {
      "file": { "key": "test.cpp" },
      "location": {
        "name": "N3",
        "file": { "key": "test.cpp" },
        "location": {
          "range": {
            "file": { "key": "test.cpp" },
            "lineBegin": 19,
            "columnBegin": 1,
            "lineEnd": 19,
            "columnEnd": 22
          }
        }
      },
      "entity": {
        "cxx": {
          "decl": {
            "usingDirective": {
              "key": {
                "name": {
                  "key": {
                    "name": { "key": "N3" },
                    "scope": {
                      "namespace_": {
                        "key": {
                          "name": { "key": "N2" },
                          "parent": { "key": { "name": { "key": "N1" } } }
                        }
                      }
                    }
                  }
                },
                "source": {
                  "file": { "key": "test.cpp" },
                  "lineBegin": 19,
                  "columnBegin": 1,
                  "lineEnd": 19,
                  "columnEnd": 22
                }
              }
            }
          }
        }
      }
    }
  },
  {
    "key": {
      "file": { "key": "test.cpp" },
      "location": {
        "name": "O1",
        "file": { "key": "test.cpp" },
        "location": {
          "range": {
            "file": { "key": "test.cpp" },
            "lineBegin": 1,
            "columnBegin": 16,
            "lineEnd": 1,
            "columnEnd": 30
          }
        }
      },
      "entity": {
        "cxx": {
          "decl": {
            "namespace_": {
              "key": {
                "name": {
                  "key": {
                    "name": { "key": "O1" },
                    "parent": { "key": { "name": { "key": "N1" } } }
                  }
                },
                "source": {
                  "file": { "key": "test.cpp" },
                  "lineBegin": 1,
                  "columnBegin": 16,
                  "lineEnd": 1,
                  "columnEnd": 30
                }
              }
            }
          }
        }
      }
    }
  },
  {
    "key": {
      "file": { "key": "test.cpp" },
      "location": {
        "name": "O1",
        "file": { "key": "test.cpp" },
        "location": {
          "range": {
            "file": { "key": "test.cpp" },
            "lineBegin": 18,
            "columnBegin": 13,
            "lineEnd": 21,
            "columnEnd": 1
          }
        }
      },
      "entity": {
        "cxx": {
          "decl": {
            "namespace_": {
              "key": {
                "name": {
                  "key": {
                    "name": { "key": "O1" },
                    "parent": { "key": { "name": { "key": "N1" } } }
                  }
                },
                "source": {
                  "file": { "key": "test.cpp" },
                  "lineBegin": 18,
                  "columnBegin": 13,
                  "lineEnd": 21,
                  "columnEnd": 1
                }
              }
            }
          }
        }
      }
    }
  },
  {
    "key": {
      "file": { "key": "test.cpp" },
      "location": {
        "name": "X",
        "file": { "key": "test.cpp" },
        "location": {
          "range": {
            "file": { "key": "test.cpp" },
            "lineBegin": 13,
            "columnBegin": 1,
            "lineEnd": 13,
            "columnEnd": 33
          }
        }
      },
      "entity": {
        "cxx": {
          "decl": {
            "enum_": {
              "key": {
                "name": {
                  "key": {
                    "name": { "key": "X" },
                    "scope": {
                      "namespace_": {
                        "key": {
                          "name": { "key": "N3" },
                          "parent": {
                            "key": {
                              "name": { "key": "N2" },
                              "parent": { "key": { "name": { "key": "N1" } } }
                            }
                          }
                        }
                      }
                    }
                  }
                },
                "isScoped": false,
                "source": {
                  "file": { "key": "test.cpp" },
                  "lineBegin": 13,
                  "columnBegin": 1,
                  "lineEnd": 13,
                  "columnEnd": 33
                }
              }
            }
          }
        }
      }
    }
  },
  {
    "key": {
      "file": { "key": "test.cpp" },
      "location": {
        "name": "foo",
        "file": { "key": "test.cpp" },
        "location": {
          "range": {
            "file": { "key": "test.cpp" },
            "lineBegin": 20,
            "columnBegin": 1,
            "lineEnd": 20,
            "columnEnd": 18
          }
        }
      },
      "entity": {
        "cxx": {
          "decl": {
            "function_": {
              "key": {
                "name": {
                  "key": {
                    "name": { "key": { "name": { "key": "foo" } } },
                    "scope": {
                      "namespace_": {
                        "key": {
                          "name": { "key": "O1" },
                          "parent": { "key": { "name": { "key": "N1" } } }
                        }
                      }
                    }
                  }
                },
                "signature": {
                  "key": { "returns": { "key": "void" }, "parameters": [ ] }
                },
                "source": {
                  "file": { "key": "test.cpp" },
                  "lineBegin": 20,
                  "columnBegin": 1,
                  "lineEnd": 20,
                  "columnEnd": 18
                }
              }
            }
          }
        }
      }
    }
  }
]