[
  "@generated",
  {
    "key": {
      "trace": {
        "key": {
          "xmap": {
            "key": {
              "file": { "key": "test.cpp" },
              "fixed": [
                {
                  "target": {
                    "declaration": {
                      "record_": {
                        "key": {
                          "name": {
                            "key": {
                              "name": { "key": "U" },
                              "scope": { "global_": { } }
                            }
                          },
                          "kind": { "struct_": { } },
                          "source": {
                            "file": { "key": "test.cpp" },
                            "lineBegin": 10,
                            "columnBegin": 1,
                            "lineEnd": 14,
                            "columnEnd": 1
                          }
                        }
                      }
                    }
                  },
                  "ranges": [
                    { "offset": 262, "length": 1 },
                    { "offset": 7, "length": 1 },
                    { "offset": 19, "length": 1 },
                    { "offset": 61, "length": 1 }
                  ]
                },
                {
                  "target": {
                    "declaration": {
                      "record_": {
                        "key": {
                          "name": {
                            "key": {
                              "name": { "key": "A" },
                              "scope": { "global_": { } }
                            }
                          },
                          "kind": { "struct_": { } },
                          "source": {
                            "file": { "key": "test.cpp" },
                            "lineBegin": 16,
                            "columnBegin": 1,
                            "lineEnd": 18,
                            "columnEnd": 1
                          }
                        }
                      }
                    }
                  },
                  "ranges": [
                    { "offset": 319, "length": 1 },
                    { "offset": 24, "length": 1 }
                  ]
                }
              ],
              "variable": [ ]
            }
          },
          "externals": [ ]
        }
      },
      "xref": {
        "target": {
          "name": "A",
          "file": { "key": "test.cpp" },
          "location": {
            "range": {
              "file": { "key": "test.cpp" },
              "lineBegin": 16,
              "columnBegin": 1,
              "lineEnd": 18,
              "columnEnd": 1
            }
          },
          "span": { "start": 304, "length": 1 }
        },
        "source": { "span": { "start": 319, "length": 1 } }
      },
      "entity": {
        "decl": {
          "record_": {
            "key": {
              "name": {
                "key": { "name": { "key": "A" }, "scope": { "global_": { } } }
              },
              "kind": { "struct_": { } },
              "source": {
                "file": { "key": "test.cpp" },
                "lineBegin": 16,
                "columnBegin": 1,
                "lineEnd": 18,
                "columnEnd": 1
              }
            }
          }
        }
      }
    }
  },
  {
    "key": {
      "trace": {
        "key": {
          "xmap": {
            "key": {
              "file": { "key": "test.cpp" },
              "fixed": [
                {
                  "target": {
                    "declaration": {
                      "record_": {
                        "key": {
                          "name": {
                            "key": {
                              "name": { "key": "U" },
                              "scope": { "global_": { } }
                            }
                          },
                          "kind": { "struct_": { } },
                          "source": {
                            "file": { "key": "test.cpp" },
                            "lineBegin": 10,
                            "columnBegin": 1,
                            "lineEnd": 14,
                            "columnEnd": 1
                          }
                        }
                      }
                    }
                  },
                  "ranges": [
                    { "offset": 262, "length": 1 },
                    { "offset": 7, "length": 1 },
                    { "offset": 19, "length": 1 },
                    { "offset": 61, "length": 1 }
                  ]
                },
                {
                  "target": {
                    "declaration": {
                      "record_": {
                        "key": {
                          "name": {
                            "key": {
                              "name": { "key": "A" },
                              "scope": { "global_": { } }
                            }
                          },
                          "kind": { "struct_": { } },
                          "source": {
                            "file": { "key": "test.cpp" },
                            "lineBegin": 16,
                            "columnBegin": 1,
                            "lineEnd": 18,
                            "columnEnd": 1
                          }
                        }
                      }
                    }
                  },
                  "ranges": [
                    { "offset": 319, "length": 1 },
                    { "offset": 24, "length": 1 }
                  ]
                }
              ],
              "variable": [ ]
            }
          },
          "externals": [ ]
        }
      },
      "xref": {
        "target": {
          "name": "A",
          "file": { "key": "test.cpp" },
          "location": {
            "range": {
              "file": { "key": "test.cpp" },
              "lineBegin": 16,
              "columnBegin": 1,
              "lineEnd": 18,
              "columnEnd": 1
            }
          },
          "span": { "start": 304, "length": 1 }
        },
        "source": { "span": { "start": 343, "length": 1 } }
      },
      "entity": {
        "decl": {
          "record_": {
            "key": {
              "name": {
                "key": { "name": { "key": "A" }, "scope": { "global_": { } } }
              },
              "kind": { "struct_": { } },
              "source": {
                "file": { "key": "test.cpp" },
                "lineBegin": 16,
                "columnBegin": 1,
                "lineEnd": 18,
                "columnEnd": 1
              }
            }
          }
        }
      }
    }
  },
  {
    "key": {
      "trace": {
        "key": {
          "xmap": {
            "key": {
              "file": { "key": "test.cpp" },
              "fixed": [
                {
                  "target": {
                    "declaration": {
                      "record_": {
                        "key": {
                          "name": {
                            "key": {
                              "name": { "key": "U" },
                              "scope": { "global_": { } }
                            }
                          },
                          "kind": { "struct_": { } },
                          "source": {
                            "file": { "key": "test.cpp" },
                            "lineBegin": 10,
                            "columnBegin": 1,
                            "lineEnd": 14,
                            "columnEnd": 1
                          }
                        }
                      }
                    }
                  },
                  "ranges": [
                    { "offset": 262, "length": 1 },
                    { "offset": 7, "length": 1 },
                    { "offset": 19, "length": 1 },
                    { "offset": 61, "length": 1 }
                  ]
                },
                {
                  "target": {
                    "declaration": {
                      "record_": {
                        "key": {
                          "name": {
                            "key": {
                              "name": { "key": "A" },
                              "scope": { "global_": { } }
                            }
                          },
                          "kind": { "struct_": { } },
                          "source": {
                            "file": { "key": "test.cpp" },
                            "lineBegin": 16,
                            "columnBegin": 1,
                            "lineEnd": 18,
                            "columnEnd": 1
                          }
                        }
                      }
                    }
                  },
                  "ranges": [
                    { "offset": 319, "length": 1 },
                    { "offset": 24, "length": 1 }
                  ]
                }
              ],
              "variable": [ ]
            }
          },
          "externals": [ ]
        }
      },
      "xref": {
        "target": {
          "name": "U",
          "file": { "key": "test.cpp" },
          "location": {
            "range": {
              "file": { "key": "test.cpp" },
              "lineBegin": 10,
              "columnBegin": 1,
              "lineEnd": 14,
              "columnEnd": 1
            }
          },
          "span": { "start": 241, "length": 1 }
        },
        "source": { "span": { "start": 262, "length": 1 } }
      },
      "entity": {
        "decl": {
          "record_": {
            "key": {
              "name": {
                "key": { "name": { "key": "U" }, "scope": { "global_": { } } }
              },
              "kind": { "struct_": { } },
              "source": {
                "file": { "key": "test.cpp" },
                "lineBegin": 10,
                "columnBegin": 1,
                "lineEnd": 14,
                "columnEnd": 1
              }
            }
          }
        }
      }
    }
  },
  {
    "key": {
      "trace": {
        "key": {
          "xmap": {
            "key": {
              "file": { "key": "test.cpp" },
              "fixed": [
                {
                  "target": {
                    "declaration": {
                      "record_": {
                        "key": {
                          "name": {
                            "key": {
                              "name": { "key": "U" },
                              "scope": { "global_": { } }
                            }
                          },
                          "kind": { "struct_": { } },
                          "source": {
                            "file": { "key": "test.cpp" },
                            "lineBegin": 10,
                            "columnBegin": 1,
                            "lineEnd": 14,
                            "columnEnd": 1
                          }
                        }
                      }
                    }
                  },
                  "ranges": [
                    { "offset": 262, "length": 1 },
                    { "offset": 7, "length": 1 },
                    { "offset": 19, "length": 1 },
                    { "offset": 61, "length": 1 }
                  ]
                },
                {
                  "target": {
                    "declaration": {
                      "record_": {
                        "key": {
                          "name": {
                            "key": {
                              "name": { "key": "A" },
                              "scope": { "global_": { } }
                            }
                          },
                          "kind": { "struct_": { } },
                          "source": {
                            "file": { "key": "test.cpp" },
                            "lineBegin": 16,
                            "columnBegin": 1,
                            "lineEnd": 18,
                            "columnEnd": 1
                          }
                        }
                      }
                    }
                  },
                  "ranges": [
                    { "offset": 319, "length": 1 },
                    { "offset": 24, "length": 1 }
                  ]
                }
              ],
              "variable": [ ]
            }
          },
          "externals": [ ]
        }
      },
      "xref": {
        "target": {
          "name": "U",
          "file": { "key": "test.cpp" },
          "location": {
            "range": {
              "file": { "key": "test.cpp" },
              "lineBegin": 10,
              "columnBegin": 1,
              "lineEnd": 14,
              "columnEnd": 1
            }
          },
          "span": { "start": 241, "length": 1 }
        },
        "source": { "span": { "start": 269, "length": 1 } }
      },
      "entity": {
        "decl": {
          "record_": {
            "key": {
              "name": {
                "key": { "name": { "key": "U" }, "scope": { "global_": { } } }
              },
              "kind": { "struct_": { } },
              "source": {
                "file": { "key": "test.cpp" },
                "lineBegin": 10,
                "columnBegin": 1,
                "lineEnd": 14,
                "columnEnd": 1
              }
            }
          }
        }
      }
    }
  },
  {
    "key": {
      "trace": {
        "key": {
          "xmap": {
            "key": {
              "file": { "key": "test.cpp" },
              "fixed": [
                {
                  "target": {
                    "declaration": {
                      "record_": {
                        "key": {
                          "name": {
                            "key": {
                              "name": { "key": "U" },
                              "scope": { "global_": { } }
                            }
                          },
                          "kind": { "struct_": { } },
                          "source": {
                            "file": { "key": "test.cpp" },
                            "lineBegin": 10,
                            "columnBegin": 1,
                            "lineEnd": 14,
                            "columnEnd": 1
                          }
                        }
                      }
                    }
                  },
                  "ranges": [
                    { "offset": 262, "length": 1 },
                    { "offset": 7, "length": 1 },
                    { "offset": 19, "length": 1 },
                    { "offset": 61, "length": 1 }
                  ]
                },
                {
                  "target": {
                    "declaration": {
                      "record_": {
                        "key": {
                          "name": {
                            "key": {
                              "name": { "key": "A" },
                              "scope": { "global_": { } }
                            }
                          },
                          "kind": { "struct_": { } },
                          "source": {
                            "file": { "key": "test.cpp" },
                            "lineBegin": 16,
                            "columnBegin": 1,
                            "lineEnd": 18,
                            "columnEnd": 1
                          }
                        }
                      }
                    }
                  },
                  "ranges": [
                    { "offset": 319, "length": 1 },
                    { "offset": 24, "length": 1 }
                  ]
                }
              ],
              "variable": [ ]
            }
          },
          "externals": [ ]
        }
      },
      "xref": {
        "target": {
          "name": "U",
          "file": { "key": "test.cpp" },
          "location": {
            "range": {
              "file": { "key": "test.cpp" },
              "lineBegin": 10,
              "columnBegin": 1,
              "lineEnd": 14,
              "columnEnd": 1
            }
          },
          "span": { "start": 241, "length": 1 }
        },
        "source": { "span": { "start": 288, "length": 1 } }
      },
      "entity": {
        "decl": {
          "record_": {
            "key": {
              "name": {
                "key": { "name": { "key": "U" }, "scope": { "global_": { } } }
              },
              "kind": { "struct_": { } },
              "source": {
                "file": { "key": "test.cpp" },
                "lineBegin": 10,
                "columnBegin": 1,
                "lineEnd": 14,
                "columnEnd": 1
              }
            }
          }
        }
      }
    }
  },
  {
    "key": {
      "trace": {
        "key": {
          "xmap": {
            "key": {
              "file": { "key": "test.cpp" },
              "fixed": [
                {
                  "target": {
                    "declaration": {
                      "record_": {
                        "key": {
                          "name": {
                            "key": {
                              "name": { "key": "U" },
                              "scope": { "global_": { } }
                            }
                          },
                          "kind": { "struct_": { } },
                          "source": {
                            "file": { "key": "test.cpp" },
                            "lineBegin": 10,
                            "columnBegin": 1,
                            "lineEnd": 14,
                            "columnEnd": 1
                          }
                        }
                      }
                    }
                  },
                  "ranges": [
                    { "offset": 262, "length": 1 },
                    { "offset": 7, "length": 1 },
                    { "offset": 19, "length": 1 },
                    { "offset": 61, "length": 1 }
                  ]
                },
                {
                  "target": {
                    "declaration": {
                      "record_": {
                        "key": {
                          "name": {
                            "key": {
                              "name": { "key": "A" },
                              "scope": { "global_": { } }
                            }
                          },
                          "kind": { "struct_": { } },
                          "source": {
                            "file": { "key": "test.cpp" },
                            "lineBegin": 16,
                            "columnBegin": 1,
                            "lineEnd": 18,
                            "columnEnd": 1
                          }
                        }
                      }
                    }
                  },
                  "ranges": [
                    { "offset": 319, "length": 1 },
                    { "offset": 24, "length": 1 }
                  ]
                }
              ],
              "variable": [ ]
            }
          },
          "externals": [ ]
        }
      },
      "xref": {
        "target": {
          "name": "U",
          "file": { "key": "test.cpp" },
          "location": {
            "range": {
              "file": { "key": "test.cpp" },
              "lineBegin": 10,
              "columnBegin": 1,
              "lineEnd": 14,
              "columnEnd": 1
            }
          },
          "span": { "start": 241, "length": 1 }
        },
        "source": { "span": { "start": 349, "length": 1 } }
      },
      "entity": {
        "decl": {
          "record_": {
            "key": {
              "name": {
                "key": { "name": { "key": "U" }, "scope": { "global_": { } } }
              },
              "kind": { "struct_": { } },
              "source": {
                "file": { "key": "test.cpp" },
                "lineBegin": 10,
                "columnBegin": 1,
                "lineEnd": 14,
                "columnEnd": 1
              }
            }
          }
        }
      }
    }
  }
]