[
  "@generated",
  {
    "key": {
      "entity": {
        "flow": {
          "decl": {
            "localDecl": {
              "key": {
                "loc": {
                  "key": {
                    "module": {
                      "key": { "file": { "key": "test/cjs_exports.js" } }
                    },
                    "span": { "length": 1, "start": 245 }
                  }
                },
                "name": { "key": "x" }
              }
            }
          }
        }
      },
      "location": {
        "file": { "key": "test/cjs_exports.js" },
        "location": { "span": { "length": 1, "start": 245 } },
        "name": "x"
      }
    }
  },
  {
    "key": {
      "entity": {
        "flow": {
          "decl": {
            "localDecl": {
              "key": {
                "loc": {
                  "key": {
                    "module": {
                      "key": { "file": { "key": "test/cjs_exports.js" } }
                    },
                    "span": { "length": 4, "start": 240 }
                  }
                },
                "name": { "key": "plus" }
              }
            }
          }
        }
      },
      "location": {
        "file": { "key": "test/cjs_exports.js" },
        "location": { "span": { "length": 40, "start": 231 } },
        "name": "plus"
      }
    }
  },
  {
    "key": {
      "entity": {
        "flow": {
          "decl": {
            "localDecl": {
              "key": {
                "loc": {
                  "key": {
                    "module": {
                      "key": { "file": { "key": "test/es_exports.js.flow" } }
                    },
                    "span": { "length": 1, "start": 295 }
                  }
                },
                "name": { "key": "x" }
              }
            }
          }
        }
      },
      "location": {
        "file": { "key": "test/es_exports.js.flow" },
        "location": { "span": { "length": 1, "start": 295 } },
        "name": "x"
      }
    }
  },
  {
    "key": {
      "entity": {
        "flow": {
          "decl": {
            "localDecl": {
              "key": {
                "loc": {
                  "key": {
                    "module": {
                      "key": { "file": { "key": "test/es_exports.js.flow" } }
                    },
                    "span": { "length": 1, "start": 353 }
                  }
                },
                "name": { "key": "d" }
              }
            }
          }
        }
      },
      "location": {
        "file": { "key": "test/es_exports.js.flow" },
        "location": { "span": { "length": 20, "start": 353 } },
        "name": "d"
      }
    }
  },
  {
    "key": {
      "entity": {
        "flow": {
          "decl": {
            "localDecl": {
              "key": {
                "loc": {
                  "key": {
                    "module": {
                      "key": { "file": { "key": "test/es_exports.js.flow" } }
                    },
                    "span": { "length": 1, "start": 467 }
                  }
                },
                "name": { "key": "C" }
              }
            }
          }
        }
      },
      "location": {
        "file": { "key": "test/es_exports.js.flow" },
        "location": { "span": { "length": 10, "start": 461 } },
        "name": "C"
      }
    }
  },
  {
    "key": {
      "entity": {
        "flow": {
          "decl": {
            "localDecl": {
              "key": {
                "loc": {
                  "key": {
                    "module": {
                      "key": { "file": { "key": "test/es_exports.js.flow" } }
                    },
                    "span": { "length": 3, "start": 235 }
                  }
                },
                "name": { "key": "foo" }
              }
            }
          }
        }
      },
      "location": {
        "file": { "key": "test/es_exports.js.flow" },
        "location": { "span": { "length": 15, "start": 235 } },
        "name": "foo"
      }
    }
  },
  {
    "key": {
      "entity": {
        "flow": {
          "decl": {
            "localDecl": {
              "key": {
                "loc": {
                  "key": {
                    "module": {
                      "key": { "file": { "key": "test/es_exports.js.flow" } }
                    },
                    "span": { "length": 3, "start": 291 }
                  }
                },
                "name": { "key": "bor" }
              }
            }
          }
        }
      },
      "location": {
        "file": { "key": "test/es_exports.js.flow" },
        "location": { "span": { "length": 51, "start": 282 } },
        "name": "bor"
      }
    }
  },
  {
    "key": {
      "entity": {
        "flow": {
          "decl": {
            "localDecl": {
              "key": {
                "loc": {
                  "key": {
                    "module": {
                      "key": { "file": { "key": "test/es_exports.js.flow" } }
                    },
                    "span": { "length": 3, "start": 341 }
                  }
                },
                "name": { "key": "baz" }
              }
            }
          }
        }
      },
      "location": {
        "file": { "key": "test/es_exports.js.flow" },
        "location": { "span": { "length": 12, "start": 335 } },
        "name": "baz"
      }
    }
  },
  {
    "key": {
      "entity": {
        "flow": {
          "decl": {
            "localDecl": {
              "key": {
                "loc": {
                  "key": {
                    "module": {
                      "key": { "file": { "key": "test/imports.js" } }
                    },
                    "span": { "length": 1, "start": 238 }
                  }
                },
                "name": { "key": "a" }
              }
            }
          }
        }
      },
      "location": {
        "file": { "key": "test/imports.js" },
        "location": { "span": { "length": 1, "start": 238 } },
        "name": "a"
      }
    }
  },
  {
    "key": {
      "entity": {
        "flow": {
          "decl": {
            "localDecl": {
              "key": {
                "loc": {
                  "key": {
                    "module": {
                      "key": { "file": { "key": "test/imports.js" } }
                    },
                    "span": { "length": 1, "start": 241 }
                  }
                },
                "name": { "key": "b" }
              }
            }
          }
        }
      },
      "location": {
        "file": { "key": "test/imports.js" },
        "location": { "span": { "length": 1, "start": 241 } },
        "name": "b"
      }
    }
  },
  {
    "key": {
      "entity": {
        "flow": {
          "decl": {
            "localDecl": {
              "key": {
                "loc": {
                  "key": {
                    "module": {
                      "key": { "file": { "key": "test/imports.js" } }
                    },
                    "span": { "length": 1, "start": 244 }
                  }
                },
                "name": { "key": "c" }
              }
            }
          }
        }
      },
      "location": {
        "file": { "key": "test/imports.js" },
        "location": { "span": { "length": 1, "start": 244 } },
        "name": "c"
      }
    }
  },
  {
    "key": {
      "entity": {
        "flow": {
          "decl": {
            "localDecl": {
              "key": {
                "loc": {
                  "key": {
                    "module": {
                      "key": { "file": { "key": "test/imports.js" } }
                    },
                    "span": { "length": 1, "start": 283 }
                  }
                },
                "name": { "key": "d" }
              }
            }
          }
        }
      },
      "location": {
        "file": { "key": "test/imports.js" },
        "location": { "span": { "length": 1, "start": 283 } },
        "name": "d"
      }
    }
  },
  {
    "key": {
      "entity": {
        "flow": {
          "decl": {
            "localDecl": {
              "key": {
                "loc": {
                  "key": {
                    "module": {
                      "key": { "file": { "key": "test/imports.js" } }
                    },
                    "span": { "length": 1, "start": 503 }
                  }
                },
                "name": { "key": "e" }
              }
            }
          }
        }
      },
      "location": {
        "file": { "key": "test/imports.js" },
        "location": { "span": { "length": 13, "start": 503 } },
        "name": "e"
      }
    }
  },
  {
    "key": {
      "entity": {
        "flow": {
          "decl": {
            "localDecl": {
              "key": {
                "loc": {
                  "key": {
                    "module": {
                      "key": { "file": { "key": "test/imports.js" } }
                    },
                    "span": { "length": 1, "start": 523 }
                  }
                },
                "name": { "key": "x" }
              }
            }
          }
        }
      },
      "location": {
        "file": { "key": "test/imports.js" },
        "location": { "span": { "length": 15, "start": 523 } },
        "name": "x"
      }
    }
  },
  {
    "key": {
      "entity": {
        "flow": {
          "decl": {
            "localDecl": {
              "key": {
                "loc": {
                  "key": {
                    "module": {
                      "key": { "file": { "key": "test/imports.js" } }
                    },
                    "span": { "length": 1, "start": 544 }
                  }
                },
                "name": { "key": "y" }
              }
            }
          }
        }
      },
      "location": {
        "file": { "key": "test/imports.js" },
        "location": { "span": { "length": 21, "start": 544 } },
        "name": "y"
      }
    }
  },
  {
    "key": {
      "entity": {
        "flow": {
          "decl": {
            "localDecl": {
              "key": {
                "loc": {
                  "key": {
                    "module": {
                      "key": { "file": { "key": "test/imports.js" } }
                    },
                    "span": { "length": 1, "start": 571 }
                  }
                },
                "name": { "key": "z" }
              }
            }
          }
        }
      },
      "location": {
        "file": { "key": "test/imports.js" },
        "location": { "span": { "length": 14, "start": 571 } },
        "name": "z"
      }
    }
  },
  {
    "key": {
      "entity": {
        "flow": {
          "decl": {
            "localDecl": {
              "key": {
                "loc": {
                  "key": {
                    "module": {
                      "key": { "file": { "key": "test/imports.js" } }
                    },
                    "span": { "length": 1, "start": 675 }
                  }
                },
                "name": { "key": "s" }
              }
            }
          }
        }
      },
      "location": {
        "file": { "key": "test/imports.js" },
        "location": { "span": { "length": 14, "start": 675 } },
        "name": "s"
      }
    }
  },
  {
    "key": {
      "entity": {
        "flow": {
          "decl": {
            "localDecl": {
              "key": {
                "loc": {
                  "key": {
                    "module": {
                      "key": { "file": { "key": "test/imports.js" } }
                    },
                    "span": { "length": 2, "start": 368 }
                  }
                },
                "name": { "key": "fn" }
              }
            }
          }
        }
      },
      "location": {
        "file": { "key": "test/imports.js" },
        "location": { "span": { "length": 2, "start": 368 } },
        "name": "fn"
      }
    }
  },
  {
    "key": {
      "entity": {
        "flow": {
          "decl": {
            "localDecl": {
              "key": {
                "loc": {
                  "key": {
                    "module": {
                      "key": { "file": { "key": "test/imports.js" } }
                    },
                    "span": { "length": 3, "start": 287 }
                  }
                },
                "name": { "key": "foo" }
              }
            }
          }
        }
      },
      "location": {
        "file": { "key": "test/imports.js" },
        "location": { "span": { "length": 3, "start": 287 } },
        "name": "foo"
      }
    }
  },
  {
    "key": {
      "entity": {
        "flow": {
          "decl": {
            "localDecl": {
              "key": {
                "loc": {
                  "key": {
                    "module": {
                      "key": { "file": { "key": "test/imports.js" } }
                    },
                    "span": { "length": 3, "start": 292 }
                  }
                },
                "name": { "key": "bar" }
              }
            }
          }
        }
      },
      "location": {
        "file": { "key": "test/imports.js" },
        "location": { "span": { "length": 3, "start": 292 } },
        "name": "bar"
      }
    }
  },
  {
    "key": {
      "entity": {
        "flow": {
          "decl": {
            "localDecl": {
              "key": {
                "loc": {
                  "key": {
                    "module": {
                      "key": { "file": { "key": "test/imports.js" } }
                    },
                    "span": { "length": 3, "start": 297 }
                  }
                },
                "name": { "key": "baz" }
              }
            }
          }
        }
      },
      "location": {
        "file": { "key": "test/imports.js" },
        "location": { "span": { "length": 3, "start": 297 } },
        "name": "baz"
      }
    }
  },
  {
    "key": {
      "entity": {
        "flow": {
          "decl": {
            "localDecl": {
              "key": {
                "loc": {
                  "key": {
                    "module": {
                      "key": { "file": { "key": "test/imports.js" } }
                    },
                    "span": { "length": 3, "start": 335 }
                  }
                },
                "name": { "key": "qux" }
              }
            }
          }
        }
      },
      "location": {
        "file": { "key": "test/imports.js" },
        "location": { "span": { "length": 3, "start": 335 } },
        "name": "qux"
      }
    }
  },
  {
    "key": {
      "entity": {
        "flow": {
          "decl": {
            "localDecl": {
              "key": {
                "loc": {
                  "key": {
                    "module": {
                      "key": { "file": { "key": "test/imports.js" } }
                    },
                    "span": { "length": 3, "start": 594 }
                  }
                },
                "name": { "key": "caz" }
              }
            }
          }
        }
      },
      "location": {
        "file": { "key": "test/imports.js" },
        "location": { "span": { "length": 24, "start": 588 } },
        "name": "caz"
      }
    }
  },
  {
    "key": {
      "entity": {
        "flow": {
          "decl": {
            "memberDecl": {
              "key": {
                "loc": {
                  "key": {
                    "module": {
                      "key": { "file": { "key": "test/es_exports.js.flow" } }
                    },
                    "span": { "length": 3, "start": 291 }
                  }
                },
                "name": { "key": "bar" }
              }
            }
          }
        }
      },
      "location": {
        "file": { "key": "test/es_exports.js.flow" },
        "location": { "span": { "length": 3, "start": 291 } },
        "name": "bar"
      }
    }
  },
  {
    "key": {
      "entity": {
        "flow": {
          "decl": {
            "typeDecl": {
              "key": {
                "loc": {
                  "key": {
                    "module": {
                      "key": { "file": { "key": "test/es_exports.js.flow" } }
                    },
                    "span": { "length": 1, "start": 467 }
                  }
                },
                "name": { "key": "C" }
              }
            }
          }
        }
      },
      "location": {
        "file": { "key": "test/es_exports.js.flow" },
        "location": { "span": { "length": 10, "start": 461 } },
        "name": "C"
      }
    }
  },
  {
    "key": {
      "entity": {
        "flow": {
          "decl": {
            "typeDecl": {
              "key": {
                "loc": {
                  "key": {
                    "module": {
                      "key": { "file": { "key": "test/es_exports.js.flow" } }
                    },
                    "span": { "length": 3, "start": 341 }
                  }
                },
                "name": { "key": "baz" }
              }
            }
          }
        }
      },
      "location": {
        "file": { "key": "test/es_exports.js.flow" },
        "location": { "span": { "length": 12, "start": 335 } },
        "name": "baz"
      }
    }
  },
  {
    "key": {
      "entity": {
        "flow": {
          "decl": {
            "typeDecl": {
              "key": {
                "loc": {
                  "key": {
                    "module": {
                      "key": { "file": { "key": "test/es_exports.js.flow" } }
                    },
                    "span": { "length": 3, "start": 439 }
                  }
                },
                "name": { "key": "num" }
              }
            }
          }
        }
      },
      "location": {
        "file": { "key": "test/es_exports.js.flow" },
        "location": { "span": { "length": 18, "start": 434 } },
        "name": "num"
      }
    }
  },
  {
    "key": {
      "entity": {
        "flow": {
          "decl": {
            "typeDecl": {
              "key": {
                "loc": {
                  "key": {
                    "module": {
                      "key": { "file": { "key": "test/imports.js" } }
                    },
                    "span": { "length": 1, "start": 634 }
                  }
                },
                "name": { "key": "C" }
              }
            }
          }
        }
      },
      "location": {
        "file": { "key": "test/imports.js" },
        "location": { "span": { "length": 1, "start": 634 } },
        "name": "C"
      }
    }
  },
  {
    "key": {
      "entity": {
        "flow": {
          "decl": {
            "typeDecl": {
              "key": {
                "loc": {
                  "key": {
                    "module": {
                      "key": { "file": { "key": "test/imports.js" } }
                    },
                    "span": { "length": 1, "start": 664 }
                  }
                },
                "name": { "key": "D" }
              }
            }
          }
        }
      },
      "location": {
        "file": { "key": "test/imports.js" },
        "location": { "span": { "length": 11, "start": 659 } },
        "name": "D"
      }
    }
  },
  {
    "key": {
      "entity": {
        "flow": {
          "decl": {
            "typeDecl": {
              "key": {
                "loc": {
                  "key": {
                    "module": {
                      "key": { "file": { "key": "test/imports.js" } }
                    },
                    "span": { "length": 3, "start": 472 }
                  }
                },
                "name": { "key": "num" }
              }
            }
          }
        }
      },
      "location": {
        "file": { "key": "test/imports.js" },
        "location": { "span": { "length": 3, "start": 472 } },
        "name": "num"
      }
    }
  },
  {
    "key": {
      "entity": {
        "flow": {
          "decl": {
            "typeDecl": {
              "key": {
                "loc": {
                  "key": {
                    "module": {
                      "key": { "file": { "key": "test/imports.js" } }
                    },
                    "span": { "length": 3, "start": 594 }
                  }
                },
                "name": { "key": "caz" }
              }
            }
          }
        }
      },
      "location": {
        "file": { "key": "test/imports.js" },
        "location": { "span": { "length": 24, "start": 588 } },
        "name": "caz"
      }
    }
  },
  {
    "key": {
      "entity": {
        "flow": {
          "decl": {
            "typeDecl": {
              "key": {
                "loc": {
                  "key": {
                    "module": {
                      "key": { "file": { "key": "test/imports.js" } }
                    },
                    "span": { "length": 3, "start": 628 }
                  }
                },
                "name": { "key": "str" }
              }
            }
          }
        }
      },
      "location": {
        "file": { "key": "test/imports.js" },
        "location": { "span": { "length": 3, "start": 628 } },
        "name": "str"
      }
    }
  },
  {
    "key": {
      "entity": {
        "flow": {
          "module_": { "key": { "file": { "key": "test/cjs_exports.js" } } }
        }
      },
      "location": {
        "file": { "key": "test/cjs_exports.js" },
        "location": { "span": { "length": 0, "start": 0 } },
        "name": "test/cjs_exports.js"
      }
    }
  },
  {
    "key": {
      "entity": {
        "flow": {
          "module_": { "key": { "file": { "key": "test/es_exports.js" } } }
        }
      },
      "location": {
        "file": { "key": "test/es_exports.js" },
        "location": { "span": { "length": 0, "start": 0 } },
        "name": "test/es_exports.js"
      }
    }
  },
  {
    "key": {
      "entity": {
        "flow": {
          "module_": { "key": { "file": { "key": "test/es_exports.js.flow" } } }
        }
      },
      "location": {
        "file": { "key": "test/es_exports.js.flow" },
        "location": { "span": { "length": 0, "start": 0 } },
        "name": "test/es_exports.js.flow"
      }
    }
  },
  {
    "key": {
      "entity": {
        "flow": {
          "module_": { "key": { "file": { "key": "test/imports.js" } } }
        }
      },
      "location": {
        "file": { "key": "test/imports.js" },
        "location": { "span": { "length": 0, "start": 0 } },
        "name": "test/imports.js"
      }
    }
  },
  {
    "key": {
      "entity": {
        "flow": { "module_": { "key": { "string_": "cjs_exports" } } }
      },
      "location": {
        "file": { "key": "test/cjs_exports.js" },
        "location": { "span": { "length": 0, "start": 0 } },
        "name": "cjs_exports"
      }
    }
  }
]